###############################################################################
#
# IAR ELF Linker V8.32.3.193/W32 for ARM                  30/Apr/2019  19:35:24
# Copyright 2007-2019 IAR Systems AB.
#
#    Output file  =  
#        C:\Users\macorbin\OneDrive -
#        Itron\Documents\GitHub\SmartSensorsFinal\STM32CubeExpansion_Cloud_AWS_V1.2.1\Projects\B-L475E-IOT01\Applications\Cloud\AWS\EWARM\B-L475E-IOT01\Exe\B-L475E-IOT01.out
#    Map file     =  
#        C:\Users\macorbin\OneDrive -
#        Itron\Documents\GitHub\SmartSensorsFinal\STM32CubeExpansion_Cloud_AWS_V1.2.1\Projects\B-L475E-IOT01\Applications\Cloud\AWS\EWARM\B-L475E-IOT01\List\B-L475E-IOT01.map
#    Command line =  
#        -f C:\Users\macorbin\AppData\Local\Temp\EW4625.tmp
#        ("C:\Users\macorbin\OneDrive -
#        Itron\Documents\GitHub\SmartSensorsFinal\STM32CubeExpansion_Cloud_AWS_V1.2.1\Projects\B-L475E-IOT01\Applications\Cloud\AWS\EWARM\B-L475E-IOT01\Obj\aes.o"
#        "C:\Users\macorbin\OneDrive -
#        Itron\Documents\GitHub\SmartSensorsFinal\STM32CubeExpansion_Cloud_AWS_V1.2.1\Projects\B-L475E-IOT01\Applications\Cloud\AWS\EWARM\B-L475E-IOT01\Obj\aesni.o"
#        "C:\Users\macorbin\OneDrive -
#        Itron\Documents\GitHub\SmartSensorsFinal\STM32CubeExpansion_Cloud_AWS_V1.2.1\Projects\B-L475E-IOT01\Applications\Cloud\AWS\EWARM\B-L475E-IOT01\Obj\arc4.o"
#        "C:\Users\macorbin\OneDrive -
#        Itron\Documents\GitHub\SmartSensorsFinal\STM32CubeExpansion_Cloud_AWS_V1.2.1\Projects\B-L475E-IOT01\Applications\Cloud\AWS\EWARM\B-L475E-IOT01\Obj\asn1parse.o"
#        "C:\Users\macorbin\OneDrive -
#        Itron\Documents\GitHub\SmartSensorsFinal\STM32CubeExpansion_Cloud_AWS_V1.2.1\Projects\B-L475E-IOT01\Applications\Cloud\AWS\EWARM\B-L475E-IOT01\Obj\asn1write.o"
#        "C:\Users\macorbin\OneDrive -
#        Itron\Documents\GitHub\SmartSensorsFinal\STM32CubeExpansion_Cloud_AWS_V1.2.1\Projects\B-L475E-IOT01\Applications\Cloud\AWS\EWARM\B-L475E-IOT01\Obj\aws_iot_mqtt_client.o"
#        "C:\Users\macorbin\OneDrive -
#        Itron\Documents\GitHub\SmartSensorsFinal\STM32CubeExpansion_Cloud_AWS_V1.2.1\Projects\B-L475E-IOT01\Applications\Cloud\AWS\EWARM\B-L475E-IOT01\Obj\aws_iot_mqtt_client_common_internal.o"
#        "C:\Users\macorbin\OneDrive -
#        Itron\Documents\GitHub\SmartSensorsFinal\STM32CubeExpansion_Cloud_AWS_V1.2.1\Projects\B-L475E-IOT01\Applications\Cloud\AWS\EWARM\B-L475E-IOT01\Obj\aws_iot_mqtt_client_connect.o"
#        "C:\Users\macorbin\OneDrive -
#        Itron\Documents\GitHub\SmartSensorsFinal\STM32CubeExpansion_Cloud_AWS_V1.2.1\Projects\B-L475E-IOT01\Applications\Cloud\AWS\EWARM\B-L475E-IOT01\Obj\aws_iot_mqtt_client_publish.o"
#        "C:\Users\macorbin\OneDrive -
#        Itron\Documents\GitHub\SmartSensorsFinal\STM32CubeExpansion_Cloud_AWS_V1.2.1\Projects\B-L475E-IOT01\Applications\Cloud\AWS\EWARM\B-L475E-IOT01\Obj\aws_iot_mqtt_client_subscribe.o"
#        "C:\Users\macorbin\OneDrive -
#        Itron\Documents\GitHub\SmartSensorsFinal\STM32CubeExpansion_Cloud_AWS_V1.2.1\Projects\B-L475E-IOT01\Applications\Cloud\AWS\EWARM\B-L475E-IOT01\Obj\aws_iot_mqtt_client_unsubscribe.o"
#        "C:\Users\macorbin\OneDrive -
#        Itron\Documents\GitHub\SmartSensorsFinal\STM32CubeExpansion_Cloud_AWS_V1.2.1\Projects\B-L475E-IOT01\Applications\Cloud\AWS\EWARM\B-L475E-IOT01\Obj\aws_iot_mqtt_client_yield.o"
#        "C:\Users\macorbin\OneDrive -
#        Itron\Documents\GitHub\SmartSensorsFinal\STM32CubeExpansion_Cloud_AWS_V1.2.1\Projects\B-L475E-IOT01\Applications\Cloud\AWS\EWARM\B-L475E-IOT01\Obj\aws_network_st_wrapper.o"
#        "C:\Users\macorbin\OneDrive -
#        Itron\Documents\GitHub\SmartSensorsFinal\STM32CubeExpansion_Cloud_AWS_V1.2.1\Projects\B-L475E-IOT01\Applications\Cloud\AWS\EWARM\B-L475E-IOT01\Obj\aws_subscribe_publish_sensor_values.o"
#        "C:\Users\macorbin\OneDrive -
#        Itron\Documents\GitHub\SmartSensorsFinal\STM32CubeExpansion_Cloud_AWS_V1.2.1\Projects\B-L475E-IOT01\Applications\Cloud\AWS\EWARM\B-L475E-IOT01\Obj\aws_timer.o"
#        "C:\Users\macorbin\OneDrive -
#        Itron\Documents\GitHub\SmartSensorsFinal\STM32CubeExpansion_Cloud_AWS_V1.2.1\Projects\B-L475E-IOT01\Applications\Cloud\AWS\EWARM\B-L475E-IOT01\Obj\base64.o"
#        "C:\Users\macorbin\OneDrive -
#        Itron\Documents\GitHub\SmartSensorsFinal\STM32CubeExpansion_Cloud_AWS_V1.2.1\Projects\B-L475E-IOT01\Applications\Cloud\AWS\EWARM\B-L475E-IOT01\Obj\bignum.o"
#        "C:\Users\macorbin\OneDrive -
#        Itron\Documents\GitHub\SmartSensorsFinal\STM32CubeExpansion_Cloud_AWS_V1.2.1\Projects\B-L475E-IOT01\Applications\Cloud\AWS\EWARM\B-L475E-IOT01\Obj\blowfish.o"
#        "C:\Users\macorbin\OneDrive -
#        Itron\Documents\GitHub\SmartSensorsFinal\STM32CubeExpansion_Cloud_AWS_V1.2.1\Projects\B-L475E-IOT01\Applications\Cloud\AWS\EWARM\B-L475E-IOT01\Obj\camellia.o"
#        "C:\Users\macorbin\OneDrive -
#        Itron\Documents\GitHub\SmartSensorsFinal\STM32CubeExpansion_Cloud_AWS_V1.2.1\Projects\B-L475E-IOT01\Applications\Cloud\AWS\EWARM\B-L475E-IOT01\Obj\ccm.o"
#        "C:\Users\macorbin\OneDrive -
#        Itron\Documents\GitHub\SmartSensorsFinal\STM32CubeExpansion_Cloud_AWS_V1.2.1\Projects\B-L475E-IOT01\Applications\Cloud\AWS\EWARM\B-L475E-IOT01\Obj\certs.o"
#        "C:\Users\macorbin\OneDrive -
#        Itron\Documents\GitHub\SmartSensorsFinal\STM32CubeExpansion_Cloud_AWS_V1.2.1\Projects\B-L475E-IOT01\Applications\Cloud\AWS\EWARM\B-L475E-IOT01\Obj\cipher.o"
#        "C:\Users\macorbin\OneDrive -
#        Itron\Documents\GitHub\SmartSensorsFinal\STM32CubeExpansion_Cloud_AWS_V1.2.1\Projects\B-L475E-IOT01\Applications\Cloud\AWS\EWARM\B-L475E-IOT01\Obj\cipher_wrap.o"
#        "C:\Users\macorbin\OneDrive -
#        Itron\Documents\GitHub\SmartSensorsFinal\STM32CubeExpansion_Cloud_AWS_V1.2.1\Projects\B-L475E-IOT01\Applications\Cloud\AWS\EWARM\B-L475E-IOT01\Obj\cloud.o"
#        "C:\Users\macorbin\OneDrive -
#        Itron\Documents\GitHub\SmartSensorsFinal\STM32CubeExpansion_Cloud_AWS_V1.2.1\Projects\B-L475E-IOT01\Applications\Cloud\AWS\EWARM\B-L475E-IOT01\Obj\cmac.o"
#        "C:\Users\macorbin\OneDrive -
#        Itron\Documents\GitHub\SmartSensorsFinal\STM32CubeExpansion_Cloud_AWS_V1.2.1\Projects\B-L475E-IOT01\Applications\Cloud\AWS\EWARM\B-L475E-IOT01\Obj\ctr_drbg.o"
#        "C:\Users\macorbin\OneDrive -
#        Itron\Documents\GitHub\SmartSensorsFinal\STM32CubeExpansion_Cloud_AWS_V1.2.1\Projects\B-L475E-IOT01\Applications\Cloud\AWS\EWARM\B-L475E-IOT01\Obj\debug.o"
#        "C:\Users\macorbin\OneDrive -
#        Itron\Documents\GitHub\SmartSensorsFinal\STM32CubeExpansion_Cloud_AWS_V1.2.1\Projects\B-L475E-IOT01\Applications\Cloud\AWS\EWARM\B-L475E-IOT01\Obj\des.o"
#        "C:\Users\macorbin\OneDrive -
#        Itron\Documents\GitHub\SmartSensorsFinal\STM32CubeExpansion_Cloud_AWS_V1.2.1\Projects\B-L475E-IOT01\Applications\Cloud\AWS\EWARM\B-L475E-IOT01\Obj\dhm.o"
#        "C:\Users\macorbin\OneDrive -
#        Itron\Documents\GitHub\SmartSensorsFinal\STM32CubeExpansion_Cloud_AWS_V1.2.1\Projects\B-L475E-IOT01\Applications\Cloud\AWS\EWARM\B-L475E-IOT01\Obj\ecdh.o"
#        "C:\Users\macorbin\OneDrive -
#        Itron\Documents\GitHub\SmartSensorsFinal\STM32CubeExpansion_Cloud_AWS_V1.2.1\Projects\B-L475E-IOT01\Applications\Cloud\AWS\EWARM\B-L475E-IOT01\Obj\ecdsa.o"
#        "C:\Users\macorbin\OneDrive -
#        Itron\Documents\GitHub\SmartSensorsFinal\STM32CubeExpansion_Cloud_AWS_V1.2.1\Projects\B-L475E-IOT01\Applications\Cloud\AWS\EWARM\B-L475E-IOT01\Obj\ecjpake.o"
#        "C:\Users\macorbin\OneDrive -
#        Itron\Documents\GitHub\SmartSensorsFinal\STM32CubeExpansion_Cloud_AWS_V1.2.1\Projects\B-L475E-IOT01\Applications\Cloud\AWS\EWARM\B-L475E-IOT01\Obj\ecp.o"
#        "C:\Users\macorbin\OneDrive -
#        Itron\Documents\GitHub\SmartSensorsFinal\STM32CubeExpansion_Cloud_AWS_V1.2.1\Projects\B-L475E-IOT01\Applications\Cloud\AWS\EWARM\B-L475E-IOT01\Obj\ecp_curves.o"
#        "C:\Users\macorbin\OneDrive -
#        Itron\Documents\GitHub\SmartSensorsFinal\STM32CubeExpansion_Cloud_AWS_V1.2.1\Projects\B-L475E-IOT01\Applications\Cloud\AWS\EWARM\B-L475E-IOT01\Obj\entropy.o"
#        "C:\Users\macorbin\OneDrive -
#        Itron\Documents\GitHub\SmartSensorsFinal\STM32CubeExpansion_Cloud_AWS_V1.2.1\Projects\B-L475E-IOT01\Applications\Cloud\AWS\EWARM\B-L475E-IOT01\Obj\entropy_hardware_poll.o"
#        "C:\Users\macorbin\OneDrive -
#        Itron\Documents\GitHub\SmartSensorsFinal\STM32CubeExpansion_Cloud_AWS_V1.2.1\Projects\B-L475E-IOT01\Applications\Cloud\AWS\EWARM\B-L475E-IOT01\Obj\entropy_poll.o"
#        "C:\Users\macorbin\OneDrive -
#        Itron\Documents\GitHub\SmartSensorsFinal\STM32CubeExpansion_Cloud_AWS_V1.2.1\Projects\B-L475E-IOT01\Applications\Cloud\AWS\EWARM\B-L475E-IOT01\Obj\error.o"
#        "C:\Users\macorbin\OneDrive -
#        Itron\Documents\GitHub\SmartSensorsFinal\STM32CubeExpansion_Cloud_AWS_V1.2.1\Projects\B-L475E-IOT01\Applications\Cloud\AWS\EWARM\B-L475E-IOT01\Obj\es_wifi.o"
#        "C:\Users\macorbin\OneDrive -
#        Itron\Documents\GitHub\SmartSensorsFinal\STM32CubeExpansion_Cloud_AWS_V1.2.1\Projects\B-L475E-IOT01\Applications\Cloud\AWS\EWARM\B-L475E-IOT01\Obj\es_wifi_io.o"
#        "C:\Users\macorbin\OneDrive -
#        Itron\Documents\GitHub\SmartSensorsFinal\STM32CubeExpansion_Cloud_AWS_V1.2.1\Projects\B-L475E-IOT01\Applications\Cloud\AWS\EWARM\B-L475E-IOT01\Obj\firewall_wrapper.o"
#        "C:\Users\macorbin\OneDrive -
#        Itron\Documents\GitHub\SmartSensorsFinal\STM32CubeExpansion_Cloud_AWS_V1.2.1\Projects\B-L475E-IOT01\Applications\Cloud\AWS\EWARM\B-L475E-IOT01\Obj\flash_l4.o"
#        "C:\Users\macorbin\OneDrive -
#        Itron\Documents\GitHub\SmartSensorsFinal\STM32CubeExpansion_Cloud_AWS_V1.2.1\Projects\B-L475E-IOT01\Applications\Cloud\AWS\EWARM\B-L475E-IOT01\Obj\gcm.o"
#        "C:\Users\macorbin\OneDrive -
#        Itron\Documents\GitHub\SmartSensorsFinal\STM32CubeExpansion_Cloud_AWS_V1.2.1\Projects\B-L475E-IOT01\Applications\Cloud\AWS\EWARM\B-L475E-IOT01\Obj\havege.o"
#        "C:\Users\macorbin\OneDrive -
#        Itron\Documents\GitHub\SmartSensorsFinal\STM32CubeExpansion_Cloud_AWS_V1.2.1\Projects\B-L475E-IOT01\Applications\Cloud\AWS\EWARM\B-L475E-IOT01\Obj\heap.o"
#        "C:\Users\macorbin\OneDrive -
#        Itron\Documents\GitHub\SmartSensorsFinal\STM32CubeExpansion_Cloud_AWS_V1.2.1\Projects\B-L475E-IOT01\Applications\Cloud\AWS\EWARM\B-L475E-IOT01\Obj\hmac_drbg.o"
#        "C:\Users\macorbin\OneDrive -
#        Itron\Documents\GitHub\SmartSensorsFinal\STM32CubeExpansion_Cloud_AWS_V1.2.1\Projects\B-L475E-IOT01\Applications\Cloud\AWS\EWARM\B-L475E-IOT01\Obj\hts221.o"
#        "C:\Users\macorbin\OneDrive -
#        Itron\Documents\GitHub\SmartSensorsFinal\STM32CubeExpansion_Cloud_AWS_V1.2.1\Projects\B-L475E-IOT01\Applications\Cloud\AWS\EWARM\B-L475E-IOT01\Obj\http_util.o"
#        "C:\Users\macorbin\OneDrive -
#        Itron\Documents\GitHub\SmartSensorsFinal\STM32CubeExpansion_Cloud_AWS_V1.2.1\Projects\B-L475E-IOT01\Applications\Cloud\AWS\EWARM\B-L475E-IOT01\Obj\iot_flash_config.o"
#        "C:\Users\macorbin\OneDrive -
#        Itron\Documents\GitHub\SmartSensorsFinal\STM32CubeExpansion_Cloud_AWS_V1.2.1\Projects\B-L475E-IOT01\Applications\Cloud\AWS\EWARM\B-L475E-IOT01\Obj\lis3mdl.o"
#        "C:\Users\macorbin\OneDrive -
#        Itron\Documents\GitHub\SmartSensorsFinal\STM32CubeExpansion_Cloud_AWS_V1.2.1\Projects\B-L475E-IOT01\Applications\Cloud\AWS\EWARM\B-L475E-IOT01\Obj\lps22hb.o"
#        "C:\Users\macorbin\OneDrive -
#        Itron\Documents\GitHub\SmartSensorsFinal\STM32CubeExpansion_Cloud_AWS_V1.2.1\Projects\B-L475E-IOT01\Applications\Cloud\AWS\EWARM\B-L475E-IOT01\Obj\lsm6dsl.o"
#        "C:\Users\macorbin\OneDrive -
#        Itron\Documents\GitHub\SmartSensorsFinal\STM32CubeExpansion_Cloud_AWS_V1.2.1\Projects\B-L475E-IOT01\Applications\Cloud\AWS\EWARM\B-L475E-IOT01\Obj\main.o"
#        "C:\Users\macorbin\OneDrive -
#        Itron\Documents\GitHub\SmartSensorsFinal\STM32CubeExpansion_Cloud_AWS_V1.2.1\Projects\B-L475E-IOT01\Applications\Cloud\AWS\EWARM\B-L475E-IOT01\Obj\mbedtls_net.o"
#        "C:\Users\macorbin\OneDrive -
#        Itron\Documents\GitHub\SmartSensorsFinal\STM32CubeExpansion_Cloud_AWS_V1.2.1\Projects\B-L475E-IOT01\Applications\Cloud\AWS\EWARM\B-L475E-IOT01\Obj\mbedtls_patch.o"
#        "C:\Users\macorbin\OneDrive -
#        Itron\Documents\GitHub\SmartSensorsFinal\STM32CubeExpansion_Cloud_AWS_V1.2.1\Projects\B-L475E-IOT01\Applications\Cloud\AWS\EWARM\B-L475E-IOT01\Obj\md.o"
#        "C:\Users\macorbin\OneDrive -
#        Itron\Documents\GitHub\SmartSensorsFinal\STM32CubeExpansion_Cloud_AWS_V1.2.1\Projects\B-L475E-IOT01\Applications\Cloud\AWS\EWARM\B-L475E-IOT01\Obj\md2.o"
#        "C:\Users\macorbin\OneDrive -
#        Itron\Documents\GitHub\SmartSensorsFinal\STM32CubeExpansion_Cloud_AWS_V1.2.1\Projects\B-L475E-IOT01\Applications\Cloud\AWS\EWARM\B-L475E-IOT01\Obj\md4.o"
#        "C:\Users\macorbin\OneDrive -
#        Itron\Documents\GitHub\SmartSensorsFinal\STM32CubeExpansion_Cloud_AWS_V1.2.1\Projects\B-L475E-IOT01\Applications\Cloud\AWS\EWARM\B-L475E-IOT01\Obj\md5.o"
#        "C:\Users\macorbin\OneDrive -
#        Itron\Documents\GitHub\SmartSensorsFinal\STM32CubeExpansion_Cloud_AWS_V1.2.1\Projects\B-L475E-IOT01\Applications\Cloud\AWS\EWARM\B-L475E-IOT01\Obj\md_wrap.o"
#        "C:\Users\macorbin\OneDrive -
#        Itron\Documents\GitHub\SmartSensorsFinal\STM32CubeExpansion_Cloud_AWS_V1.2.1\Projects\B-L475E-IOT01\Applications\Cloud\AWS\EWARM\B-L475E-IOT01\Obj\memory_buffer_alloc.o"
#        "C:\Users\macorbin\OneDrive -
#        Itron\Documents\GitHub\SmartSensorsFinal\STM32CubeExpansion_Cloud_AWS_V1.2.1\Projects\B-L475E-IOT01\Applications\Cloud\AWS\EWARM\B-L475E-IOT01\Obj\net.o"
#        "C:\Users\macorbin\OneDrive -
#        Itron\Documents\GitHub\SmartSensorsFinal\STM32CubeExpansion_Cloud_AWS_V1.2.1\Projects\B-L475E-IOT01\Applications\Cloud\AWS\EWARM\B-L475E-IOT01\Obj\net_tcp_wifi.o"
#        "C:\Users\macorbin\OneDrive -
#        Itron\Documents\GitHub\SmartSensorsFinal\STM32CubeExpansion_Cloud_AWS_V1.2.1\Projects\B-L475E-IOT01\Applications\Cloud\AWS\EWARM\B-L475E-IOT01\Obj\net_tls_mbedtls.o"
#        "C:\Users\macorbin\OneDrive -
#        Itron\Documents\GitHub\SmartSensorsFinal\STM32CubeExpansion_Cloud_AWS_V1.2.1\Projects\B-L475E-IOT01\Applications\Cloud\AWS\EWARM\B-L475E-IOT01\Obj\oid.o"
#        "C:\Users\macorbin\OneDrive -
#        Itron\Documents\GitHub\SmartSensorsFinal\STM32CubeExpansion_Cloud_AWS_V1.2.1\Projects\B-L475E-IOT01\Applications\Cloud\AWS\EWARM\B-L475E-IOT01\Obj\padlock.o"
#        "C:\Users\macorbin\OneDrive -
#        Itron\Documents\GitHub\SmartSensorsFinal\STM32CubeExpansion_Cloud_AWS_V1.2.1\Projects\B-L475E-IOT01\Applications\Cloud\AWS\EWARM\B-L475E-IOT01\Obj\pem.o"
#        "C:\Users\macorbin\OneDrive -
#        Itron\Documents\GitHub\SmartSensorsFinal\STM32CubeExpansion_Cloud_AWS_V1.2.1\Projects\B-L475E-IOT01\Applications\Cloud\AWS\EWARM\B-L475E-IOT01\Obj\pk.o"
#        "C:\Users\macorbin\OneDrive -
#        Itron\Documents\GitHub\SmartSensorsFinal\STM32CubeExpansion_Cloud_AWS_V1.2.1\Projects\B-L475E-IOT01\Applications\Cloud\AWS\EWARM\B-L475E-IOT01\Obj\pk_wrap.o"
#        "C:\Users\macorbin\OneDrive -
#        Itron\Documents\GitHub\SmartSensorsFinal\STM32CubeExpansion_Cloud_AWS_V1.2.1\Projects\B-L475E-IOT01\Applications\Cloud\AWS\EWARM\B-L475E-IOT01\Obj\pkcs11.o"
#        "C:\Users\macorbin\OneDrive -
#        Itron\Documents\GitHub\SmartSensorsFinal\STM32CubeExpansion_Cloud_AWS_V1.2.1\Projects\B-L475E-IOT01\Applications\Cloud\AWS\EWARM\B-L475E-IOT01\Obj\pkcs12.o"
#        "C:\Users\macorbin\OneDrive -
#        Itron\Documents\GitHub\SmartSensorsFinal\STM32CubeExpansion_Cloud_AWS_V1.2.1\Projects\B-L475E-IOT01\Applications\Cloud\AWS\EWARM\B-L475E-IOT01\Obj\pkcs5.o"
#        "C:\Users\macorbin\OneDrive -
#        Itron\Documents\GitHub\SmartSensorsFinal\STM32CubeExpansion_Cloud_AWS_V1.2.1\Projects\B-L475E-IOT01\Applications\Cloud\AWS\EWARM\B-L475E-IOT01\Obj\pkparse.o"
#        "C:\Users\macorbin\OneDrive -
#        Itron\Documents\GitHub\SmartSensorsFinal\STM32CubeExpansion_Cloud_AWS_V1.2.1\Projects\B-L475E-IOT01\Applications\Cloud\AWS\EWARM\B-L475E-IOT01\Obj\pkwrite.o"
#        "C:\Users\macorbin\OneDrive -
#        Itron\Documents\GitHub\SmartSensorsFinal\STM32CubeExpansion_Cloud_AWS_V1.2.1\Projects\B-L475E-IOT01\Applications\Cloud\AWS\EWARM\B-L475E-IOT01\Obj\platform.o"
#        "C:\Users\macorbin\OneDrive -
#        Itron\Documents\GitHub\SmartSensorsFinal\STM32CubeExpansion_Cloud_AWS_V1.2.1\Projects\B-L475E-IOT01\Applications\Cloud\AWS\EWARM\B-L475E-IOT01\Obj\rfu.o"
#        "C:\Users\macorbin\OneDrive -
#        Itron\Documents\GitHub\SmartSensorsFinal\STM32CubeExpansion_Cloud_AWS_V1.2.1\Projects\B-L475E-IOT01\Applications\Cloud\AWS\EWARM\B-L475E-IOT01\Obj\ripemd160.o"
#        "C:\Users\macorbin\OneDrive -
#        Itron\Documents\GitHub\SmartSensorsFinal\STM32CubeExpansion_Cloud_AWS_V1.2.1\Projects\B-L475E-IOT01\Applications\Cloud\AWS\EWARM\B-L475E-IOT01\Obj\rsa.o"
#        "C:\Users\macorbin\OneDrive -
#        Itron\Documents\GitHub\SmartSensorsFinal\STM32CubeExpansion_Cloud_AWS_V1.2.1\Projects\B-L475E-IOT01\Applications\Cloud\AWS\EWARM\B-L475E-IOT01\Obj\sensors_data.o"
#        "C:\Users\macorbin\OneDrive -
#        Itron\Documents\GitHub\SmartSensorsFinal\STM32CubeExpansion_Cloud_AWS_V1.2.1\Projects\B-L475E-IOT01\Applications\Cloud\AWS\EWARM\B-L475E-IOT01\Obj\sha1.o"
#        "C:\Users\macorbin\OneDrive -
#        Itron\Documents\GitHub\SmartSensorsFinal\STM32CubeExpansion_Cloud_AWS_V1.2.1\Projects\B-L475E-IOT01\Applications\Cloud\AWS\EWARM\B-L475E-IOT01\Obj\sha256.o"
#        "C:\Users\macorbin\OneDrive -
#        Itron\Documents\GitHub\SmartSensorsFinal\STM32CubeExpansion_Cloud_AWS_V1.2.1\Projects\B-L475E-IOT01\Applications\Cloud\AWS\EWARM\B-L475E-IOT01\Obj\sha512.o"
#        "C:\Users\macorbin\OneDrive -
#        Itron\Documents\GitHub\SmartSensorsFinal\STM32CubeExpansion_Cloud_AWS_V1.2.1\Projects\B-L475E-IOT01\Applications\Cloud\AWS\EWARM\B-L475E-IOT01\Obj\ssl_cache.o"
#        "C:\Users\macorbin\OneDrive -
#        Itron\Documents\GitHub\SmartSensorsFinal\STM32CubeExpansion_Cloud_AWS_V1.2.1\Projects\B-L475E-IOT01\Applications\Cloud\AWS\EWARM\B-L475E-IOT01\Obj\ssl_ciphersuites.o"
#        "C:\Users\macorbin\OneDrive -
#        Itron\Documents\GitHub\SmartSensorsFinal\STM32CubeExpansion_Cloud_AWS_V1.2.1\Projects\B-L475E-IOT01\Applications\Cloud\AWS\EWARM\B-L475E-IOT01\Obj\ssl_cli.o"
#        "C:\Users\macorbin\OneDrive -
#        Itron\Documents\GitHub\SmartSensorsFinal\STM32CubeExpansion_Cloud_AWS_V1.2.1\Projects\B-L475E-IOT01\Applications\Cloud\AWS\EWARM\B-L475E-IOT01\Obj\ssl_cookie.o"
#        "C:\Users\macorbin\OneDrive -
#        Itron\Documents\GitHub\SmartSensorsFinal\STM32CubeExpansion_Cloud_AWS_V1.2.1\Projects\B-L475E-IOT01\Applications\Cloud\AWS\EWARM\B-L475E-IOT01\Obj\ssl_srv.o"
#        "C:\Users\macorbin\OneDrive -
#        Itron\Documents\GitHub\SmartSensorsFinal\STM32CubeExpansion_Cloud_AWS_V1.2.1\Projects\B-L475E-IOT01\Applications\Cloud\AWS\EWARM\B-L475E-IOT01\Obj\ssl_ticket.o"
#        "C:\Users\macorbin\OneDrive -
#        Itron\Documents\GitHub\SmartSensorsFinal\STM32CubeExpansion_Cloud_AWS_V1.2.1\Projects\B-L475E-IOT01\Applications\Cloud\AWS\EWARM\B-L475E-IOT01\Obj\ssl_tls.o"
#        "C:\Users\macorbin\OneDrive -
#        Itron\Documents\GitHub\SmartSensorsFinal\STM32CubeExpansion_Cloud_AWS_V1.2.1\Projects\B-L475E-IOT01\Applications\Cloud\AWS\EWARM\B-L475E-IOT01\Obj\startup_stm32l475xx.o"
#        "C:\Users\macorbin\OneDrive -
#        Itron\Documents\GitHub\SmartSensorsFinal\STM32CubeExpansion_Cloud_AWS_V1.2.1\Projects\B-L475E-IOT01\Applications\Cloud\AWS\EWARM\B-L475E-IOT01\Obj\STM32CubeRTCInterface.o"
#        "C:\Users\macorbin\OneDrive -
#        Itron\Documents\GitHub\SmartSensorsFinal\STM32CubeExpansion_Cloud_AWS_V1.2.1\Projects\B-L475E-IOT01\Applications\Cloud\AWS\EWARM\B-L475E-IOT01\Obj\stm32l475e_iot01.o"
#        "C:\Users\macorbin\OneDrive -
#        Itron\Documents\GitHub\SmartSensorsFinal\STM32CubeExpansion_Cloud_AWS_V1.2.1\Projects\B-L475E-IOT01\Applications\Cloud\AWS\EWARM\B-L475E-IOT01\Obj\stm32l475e_iot01_accelero.o"
#        "C:\Users\macorbin\OneDrive -
#        Itron\Documents\GitHub\SmartSensorsFinal\STM32CubeExpansion_Cloud_AWS_V1.2.1\Projects\B-L475E-IOT01\Applications\Cloud\AWS\EWARM\B-L475E-IOT01\Obj\stm32l475e_iot01_gyro.o"
#        "C:\Users\macorbin\OneDrive -
#        Itron\Documents\GitHub\SmartSensorsFinal\STM32CubeExpansion_Cloud_AWS_V1.2.1\Projects\B-L475E-IOT01\Applications\Cloud\AWS\EWARM\B-L475E-IOT01\Obj\stm32l475e_iot01_hsensor.o"
#        "C:\Users\macorbin\OneDrive -
#        Itron\Documents\GitHub\SmartSensorsFinal\STM32CubeExpansion_Cloud_AWS_V1.2.1\Projects\B-L475E-IOT01\Applications\Cloud\AWS\EWARM\B-L475E-IOT01\Obj\stm32l475e_iot01_magneto.o"
#        "C:\Users\macorbin\OneDrive -
#        Itron\Documents\GitHub\SmartSensorsFinal\STM32CubeExpansion_Cloud_AWS_V1.2.1\Projects\B-L475E-IOT01\Applications\Cloud\AWS\EWARM\B-L475E-IOT01\Obj\stm32l475e_iot01_psensor.o"
#        "C:\Users\macorbin\OneDrive -
#        Itron\Documents\GitHub\SmartSensorsFinal\STM32CubeExpansion_Cloud_AWS_V1.2.1\Projects\B-L475E-IOT01\Applications\Cloud\AWS\EWARM\B-L475E-IOT01\Obj\stm32l475e_iot01_tsensor.o"
#        "C:\Users\macorbin\OneDrive -
#        Itron\Documents\GitHub\SmartSensorsFinal\STM32CubeExpansion_Cloud_AWS_V1.2.1\Projects\B-L475E-IOT01\Applications\Cloud\AWS\EWARM\B-L475E-IOT01\Obj\stm32l4xx_hal.o"
#        "C:\Users\macorbin\OneDrive -
#        Itron\Documents\GitHub\SmartSensorsFinal\STM32CubeExpansion_Cloud_AWS_V1.2.1\Projects\B-L475E-IOT01\Applications\Cloud\AWS\EWARM\B-L475E-IOT01\Obj\stm32l4xx_hal_can.o"
#        "C:\Users\macorbin\OneDrive -
#        Itron\Documents\GitHub\SmartSensorsFinal\STM32CubeExpansion_Cloud_AWS_V1.2.1\Projects\B-L475E-IOT01\Applications\Cloud\AWS\EWARM\B-L475E-IOT01\Obj\stm32l4xx_hal_cortex.o"
#        "C:\Users\macorbin\OneDrive -
#        Itron\Documents\GitHub\SmartSensorsFinal\STM32CubeExpansion_Cloud_AWS_V1.2.1\Projects\B-L475E-IOT01\Applications\Cloud\AWS\EWARM\B-L475E-IOT01\Obj\stm32l4xx_hal_crc.o"
#        "C:\Users\macorbin\OneDrive -
#        Itron\Documents\GitHub\SmartSensorsFinal\STM32CubeExpansion_Cloud_AWS_V1.2.1\Projects\B-L475E-IOT01\Applications\Cloud\AWS\EWARM\B-L475E-IOT01\Obj\stm32l4xx_hal_cryp.o"
#        "C:\Users\macorbin\OneDrive -
#        Itron\Documents\GitHub\SmartSensorsFinal\STM32CubeExpansion_Cloud_AWS_V1.2.1\Projects\B-L475E-IOT01\Applications\Cloud\AWS\EWARM\B-L475E-IOT01\Obj\stm32l4xx_hal_cryp_ex.o"
#        "C:\Users\macorbin\OneDrive -
#        Itron\Documents\GitHub\SmartSensorsFinal\STM32CubeExpansion_Cloud_AWS_V1.2.1\Projects\B-L475E-IOT01\Applications\Cloud\AWS\EWARM\B-L475E-IOT01\Obj\stm32l4xx_hal_dac.o"
#        "C:\Users\macorbin\OneDrive -
#        Itron\Documents\GitHub\SmartSensorsFinal\STM32CubeExpansion_Cloud_AWS_V1.2.1\Projects\B-L475E-IOT01\Applications\Cloud\AWS\EWARM\B-L475E-IOT01\Obj\stm32l4xx_hal_dac_ex.o"
#        "C:\Users\macorbin\OneDrive -
#        Itron\Documents\GitHub\SmartSensorsFinal\STM32CubeExpansion_Cloud_AWS_V1.2.1\Projects\B-L475E-IOT01\Applications\Cloud\AWS\EWARM\B-L475E-IOT01\Obj\stm32l4xx_hal_dfsdm.o"
#        "C:\Users\macorbin\OneDrive -
#        Itron\Documents\GitHub\SmartSensorsFinal\STM32CubeExpansion_Cloud_AWS_V1.2.1\Projects\B-L475E-IOT01\Applications\Cloud\AWS\EWARM\B-L475E-IOT01\Obj\stm32l4xx_hal_dma.o"
#        "C:\Users\macorbin\OneDrive -
#        Itron\Documents\GitHub\SmartSensorsFinal\STM32CubeExpansion_Cloud_AWS_V1.2.1\Projects\B-L475E-IOT01\Applications\Cloud\AWS\EWARM\B-L475E-IOT01\Obj\stm32l4xx_hal_flash.o"
#        "C:\Users\macorbin\OneDrive -
#        Itron\Documents\GitHub\SmartSensorsFinal\STM32CubeExpansion_Cloud_AWS_V1.2.1\Projects\B-L475E-IOT01\Applications\Cloud\AWS\EWARM\B-L475E-IOT01\Obj\stm32l4xx_hal_flash_ex.o"
#        "C:\Users\macorbin\OneDrive -
#        Itron\Documents\GitHub\SmartSensorsFinal\STM32CubeExpansion_Cloud_AWS_V1.2.1\Projects\B-L475E-IOT01\Applications\Cloud\AWS\EWARM\B-L475E-IOT01\Obj\stm32l4xx_hal_gpio.o"
#        "C:\Users\macorbin\OneDrive -
#        Itron\Documents\GitHub\SmartSensorsFinal\STM32CubeExpansion_Cloud_AWS_V1.2.1\Projects\B-L475E-IOT01\Applications\Cloud\AWS\EWARM\B-L475E-IOT01\Obj\stm32l4xx_hal_hash.o"
#        "C:\Users\macorbin\OneDrive -
#        Itron\Documents\GitHub\SmartSensorsFinal\STM32CubeExpansion_Cloud_AWS_V1.2.1\Projects\B-L475E-IOT01\Applications\Cloud\AWS\EWARM\B-L475E-IOT01\Obj\stm32l4xx_hal_hash_ex.o"
#        "C:\Users\macorbin\OneDrive -
#        Itron\Documents\GitHub\SmartSensorsFinal\STM32CubeExpansion_Cloud_AWS_V1.2.1\Projects\B-L475E-IOT01\Applications\Cloud\AWS\EWARM\B-L475E-IOT01\Obj\stm32l4xx_hal_i2c.o"
#        "C:\Users\macorbin\OneDrive -
#        Itron\Documents\GitHub\SmartSensorsFinal\STM32CubeExpansion_Cloud_AWS_V1.2.1\Projects\B-L475E-IOT01\Applications\Cloud\AWS\EWARM\B-L475E-IOT01\Obj\stm32l4xx_hal_i2c_ex.o"
#        "C:\Users\macorbin\OneDrive -
#        Itron\Documents\GitHub\SmartSensorsFinal\STM32CubeExpansion_Cloud_AWS_V1.2.1\Projects\B-L475E-IOT01\Applications\Cloud\AWS\EWARM\B-L475E-IOT01\Obj\stm32l4xx_hal_iwdg.o"
#        "C:\Users\macorbin\OneDrive -
#        Itron\Documents\GitHub\SmartSensorsFinal\STM32CubeExpansion_Cloud_AWS_V1.2.1\Projects\B-L475E-IOT01\Applications\Cloud\AWS\EWARM\B-L475E-IOT01\Obj\stm32l4xx_hal_lptim.o"
#        "C:\Users\macorbin\OneDrive -
#        Itron\Documents\GitHub\SmartSensorsFinal\STM32CubeExpansion_Cloud_AWS_V1.2.1\Projects\B-L475E-IOT01\Applications\Cloud\AWS\EWARM\B-L475E-IOT01\Obj\stm32l4xx_hal_msp.o"
#        "C:\Users\macorbin\OneDrive -
#        Itron\Documents\GitHub\SmartSensorsFinal\STM32CubeExpansion_Cloud_AWS_V1.2.1\Projects\B-L475E-IOT01\Applications\Cloud\AWS\EWARM\B-L475E-IOT01\Obj\stm32l4xx_hal_nand.o"
#        "C:\Users\macorbin\OneDrive -
#        Itron\Documents\GitHub\SmartSensorsFinal\STM32CubeExpansion_Cloud_AWS_V1.2.1\Projects\B-L475E-IOT01\Applications\Cloud\AWS\EWARM\B-L475E-IOT01\Obj\stm32l4xx_hal_nor.o"
#        "C:\Users\macorbin\OneDrive -
#        Itron\Documents\GitHub\SmartSensorsFinal\STM32CubeExpansion_Cloud_AWS_V1.2.1\Projects\B-L475E-IOT01\Applications\Cloud\AWS\EWARM\B-L475E-IOT01\Obj\stm32l4xx_hal_pwr.o"
#        "C:\Users\macorbin\OneDrive -
#        Itron\Documents\GitHub\SmartSensorsFinal\STM32CubeExpansion_Cloud_AWS_V1.2.1\Projects\B-L475E-IOT01\Applications\Cloud\AWS\EWARM\B-L475E-IOT01\Obj\stm32l4xx_hal_pwr_ex.o"
#        "C:\Users\macorbin\OneDrive -
#        Itron\Documents\GitHub\SmartSensorsFinal\STM32CubeExpansion_Cloud_AWS_V1.2.1\Projects\B-L475E-IOT01\Applications\Cloud\AWS\EWARM\B-L475E-IOT01\Obj\stm32l4xx_hal_qspi.o"
#        "C:\Users\macorbin\OneDrive -
#        Itron\Documents\GitHub\SmartSensorsFinal\STM32CubeExpansion_Cloud_AWS_V1.2.1\Projects\B-L475E-IOT01\Applications\Cloud\AWS\EWARM\B-L475E-IOT01\Obj\stm32l4xx_hal_rcc.o"
#        "C:\Users\macorbin\OneDrive -
#        Itron\Documents\GitHub\SmartSensorsFinal\STM32CubeExpansion_Cloud_AWS_V1.2.1\Projects\B-L475E-IOT01\Applications\Cloud\AWS\EWARM\B-L475E-IOT01\Obj\stm32l4xx_hal_rcc_ex.o"
#        "C:\Users\macorbin\OneDrive -
#        Itron\Documents\GitHub\SmartSensorsFinal\STM32CubeExpansion_Cloud_AWS_V1.2.1\Projects\B-L475E-IOT01\Applications\Cloud\AWS\EWARM\B-L475E-IOT01\Obj\stm32l4xx_hal_rng.o"
#        "C:\Users\macorbin\OneDrive -
#        Itron\Documents\GitHub\SmartSensorsFinal\STM32CubeExpansion_Cloud_AWS_V1.2.1\Projects\B-L475E-IOT01\Applications\Cloud\AWS\EWARM\B-L475E-IOT01\Obj\stm32l4xx_hal_rtc.o"
#        "C:\Users\macorbin\OneDrive -
#        Itron\Documents\GitHub\SmartSensorsFinal\STM32CubeExpansion_Cloud_AWS_V1.2.1\Projects\B-L475E-IOT01\Applications\Cloud\AWS\EWARM\B-L475E-IOT01\Obj\stm32l4xx_hal_rtc_ex.o"
#        "C:\Users\macorbin\OneDrive -
#        Itron\Documents\GitHub\SmartSensorsFinal\STM32CubeExpansion_Cloud_AWS_V1.2.1\Projects\B-L475E-IOT01\Applications\Cloud\AWS\EWARM\B-L475E-IOT01\Obj\stm32l4xx_hal_spi.o"
#        "C:\Users\macorbin\OneDrive -
#        Itron\Documents\GitHub\SmartSensorsFinal\STM32CubeExpansion_Cloud_AWS_V1.2.1\Projects\B-L475E-IOT01\Applications\Cloud\AWS\EWARM\B-L475E-IOT01\Obj\stm32l4xx_hal_spi_ex.o"
#        "C:\Users\macorbin\OneDrive -
#        Itron\Documents\GitHub\SmartSensorsFinal\STM32CubeExpansion_Cloud_AWS_V1.2.1\Projects\B-L475E-IOT01\Applications\Cloud\AWS\EWARM\B-L475E-IOT01\Obj\stm32l4xx_hal_sram.o"
#        "C:\Users\macorbin\OneDrive -
#        Itron\Documents\GitHub\SmartSensorsFinal\STM32CubeExpansion_Cloud_AWS_V1.2.1\Projects\B-L475E-IOT01\Applications\Cloud\AWS\EWARM\B-L475E-IOT01\Obj\stm32l4xx_hal_tim.o"
#        "C:\Users\macorbin\OneDrive -
#        Itron\Documents\GitHub\SmartSensorsFinal\STM32CubeExpansion_Cloud_AWS_V1.2.1\Projects\B-L475E-IOT01\Applications\Cloud\AWS\EWARM\B-L475E-IOT01\Obj\stm32l4xx_hal_tim_ex.o"
#        "C:\Users\macorbin\OneDrive -
#        Itron\Documents\GitHub\SmartSensorsFinal\STM32CubeExpansion_Cloud_AWS_V1.2.1\Projects\B-L475E-IOT01\Applications\Cloud\AWS\EWARM\B-L475E-IOT01\Obj\stm32l4xx_hal_uart.o"
#        "C:\Users\macorbin\OneDrive -
#        Itron\Documents\GitHub\SmartSensorsFinal\STM32CubeExpansion_Cloud_AWS_V1.2.1\Projects\B-L475E-IOT01\Applications\Cloud\AWS\EWARM\B-L475E-IOT01\Obj\stm32l4xx_hal_uart_ex.o"
#        "C:\Users\macorbin\OneDrive -
#        Itron\Documents\GitHub\SmartSensorsFinal\STM32CubeExpansion_Cloud_AWS_V1.2.1\Projects\B-L475E-IOT01\Applications\Cloud\AWS\EWARM\B-L475E-IOT01\Obj\stm32l4xx_hal_usart.o"
#        "C:\Users\macorbin\OneDrive -
#        Itron\Documents\GitHub\SmartSensorsFinal\STM32CubeExpansion_Cloud_AWS_V1.2.1\Projects\B-L475E-IOT01\Applications\Cloud\AWS\EWARM\B-L475E-IOT01\Obj\stm32l4xx_hal_wwdg.o"
#        "C:\Users\macorbin\OneDrive -
#        Itron\Documents\GitHub\SmartSensorsFinal\STM32CubeExpansion_Cloud_AWS_V1.2.1\Projects\B-L475E-IOT01\Applications\Cloud\AWS\EWARM\B-L475E-IOT01\Obj\stm32l4xx_it.o"
#        "C:\Users\macorbin\OneDrive -
#        Itron\Documents\GitHub\SmartSensorsFinal\STM32CubeExpansion_Cloud_AWS_V1.2.1\Projects\B-L475E-IOT01\Applications\Cloud\AWS\EWARM\B-L475E-IOT01\Obj\stm32l4xx_ll_fmc.o"
#        "C:\Users\macorbin\OneDrive -
#        Itron\Documents\GitHub\SmartSensorsFinal\STM32CubeExpansion_Cloud_AWS_V1.2.1\Projects\B-L475E-IOT01\Applications\Cloud\AWS\EWARM\B-L475E-IOT01\Obj\system_stm32l4xx.o"
#        "C:\Users\macorbin\OneDrive -
#        Itron\Documents\GitHub\SmartSensorsFinal\STM32CubeExpansion_Cloud_AWS_V1.2.1\Projects\B-L475E-IOT01\Applications\Cloud\AWS\EWARM\B-L475E-IOT01\Obj\threading.o"
#        "C:\Users\macorbin\OneDrive -
#        Itron\Documents\GitHub\SmartSensorsFinal\STM32CubeExpansion_Cloud_AWS_V1.2.1\Projects\B-L475E-IOT01\Applications\Cloud\AWS\EWARM\B-L475E-IOT01\Obj\timedate.o"
#        "C:\Users\macorbin\OneDrive -
#        Itron\Documents\GitHub\SmartSensorsFinal\STM32CubeExpansion_Cloud_AWS_V1.2.1\Projects\B-L475E-IOT01\Applications\Cloud\AWS\EWARM\B-L475E-IOT01\Obj\timing.o"
#        "C:\Users\macorbin\OneDrive -
#        Itron\Documents\GitHub\SmartSensorsFinal\STM32CubeExpansion_Cloud_AWS_V1.2.1\Projects\B-L475E-IOT01\Applications\Cloud\AWS\EWARM\B-L475E-IOT01\Obj\timingSystem.o"
#        "C:\Users\macorbin\OneDrive -
#        Itron\Documents\GitHub\SmartSensorsFinal\STM32CubeExpansion_Cloud_AWS_V1.2.1\Projects\B-L475E-IOT01\Applications\Cloud\AWS\EWARM\B-L475E-IOT01\Obj\version.o"
#        "C:\Users\macorbin\OneDrive -
#        Itron\Documents\GitHub\SmartSensorsFinal\STM32CubeExpansion_Cloud_AWS_V1.2.1\Projects\B-L475E-IOT01\Applications\Cloud\AWS\EWARM\B-L475E-IOT01\Obj\version_features.o"
#        "C:\Users\macorbin\OneDrive -
#        Itron\Documents\GitHub\SmartSensorsFinal\STM32CubeExpansion_Cloud_AWS_V1.2.1\Projects\B-L475E-IOT01\Applications\Cloud\AWS\EWARM\B-L475E-IOT01\Obj\vl53l0x_api.o"
#        "C:\Users\macorbin\OneDrive -
#        Itron\Documents\GitHub\SmartSensorsFinal\STM32CubeExpansion_Cloud_AWS_V1.2.1\Projects\B-L475E-IOT01\Applications\Cloud\AWS\EWARM\B-L475E-IOT01\Obj\vl53l0x_api_calibration.o"
#        "C:\Users\macorbin\OneDrive -
#        Itron\Documents\GitHub\SmartSensorsFinal\STM32CubeExpansion_Cloud_AWS_V1.2.1\Projects\B-L475E-IOT01\Applications\Cloud\AWS\EWARM\B-L475E-IOT01\Obj\vl53l0x_api_core.o"
#        "C:\Users\macorbin\OneDrive -
#        Itron\Documents\GitHub\SmartSensorsFinal\STM32CubeExpansion_Cloud_AWS_V1.2.1\Projects\B-L475E-IOT01\Applications\Cloud\AWS\EWARM\B-L475E-IOT01\Obj\vl53l0x_api_ranging.o"
#        "C:\Users\macorbin\OneDrive -
#        Itron\Documents\GitHub\SmartSensorsFinal\STM32CubeExpansion_Cloud_AWS_V1.2.1\Projects\B-L475E-IOT01\Applications\Cloud\AWS\EWARM\B-L475E-IOT01\Obj\vl53l0x_api_strings.o"
#        "C:\Users\macorbin\OneDrive -
#        Itron\Documents\GitHub\SmartSensorsFinal\STM32CubeExpansion_Cloud_AWS_V1.2.1\Projects\B-L475E-IOT01\Applications\Cloud\AWS\EWARM\B-L475E-IOT01\Obj\vl53l0x_platform.o"
#        "C:\Users\macorbin\OneDrive -
#        Itron\Documents\GitHub\SmartSensorsFinal\STM32CubeExpansion_Cloud_AWS_V1.2.1\Projects\B-L475E-IOT01\Applications\Cloud\AWS\EWARM\B-L475E-IOT01\Obj\vl53l0x_platform_log.o"
#        "C:\Users\macorbin\OneDrive -
#        Itron\Documents\GitHub\SmartSensorsFinal\STM32CubeExpansion_Cloud_AWS_V1.2.1\Projects\B-L475E-IOT01\Applications\Cloud\AWS\EWARM\B-L475E-IOT01\Obj\vl53l0x_proximity.o"
#        "C:\Users\macorbin\OneDrive -
#        Itron\Documents\GitHub\SmartSensorsFinal\STM32CubeExpansion_Cloud_AWS_V1.2.1\Projects\B-L475E-IOT01\Applications\Cloud\AWS\EWARM\B-L475E-IOT01\Obj\wifi.o"
#        "C:\Users\macorbin\OneDrive -
#        Itron\Documents\GitHub\SmartSensorsFinal\STM32CubeExpansion_Cloud_AWS_V1.2.1\Projects\B-L475E-IOT01\Applications\Cloud\AWS\EWARM\B-L475E-IOT01\Obj\wifi_net.o"
#        "C:\Users\macorbin\OneDrive -
#        Itron\Documents\GitHub\SmartSensorsFinal\STM32CubeExpansion_Cloud_AWS_V1.2.1\Projects\B-L475E-IOT01\Applications\Cloud\AWS\EWARM\B-L475E-IOT01\Obj\x509.o"
#        "C:\Users\macorbin\OneDrive -
#        Itron\Documents\GitHub\SmartSensorsFinal\STM32CubeExpansion_Cloud_AWS_V1.2.1\Projects\B-L475E-IOT01\Applications\Cloud\AWS\EWARM\B-L475E-IOT01\Obj\x509_create.o"
#        "C:\Users\macorbin\OneDrive -
#        Itron\Documents\GitHub\SmartSensorsFinal\STM32CubeExpansion_Cloud_AWS_V1.2.1\Projects\B-L475E-IOT01\Applications\Cloud\AWS\EWARM\B-L475E-IOT01\Obj\x509_crl.o"
#        "C:\Users\macorbin\OneDrive -
#        Itron\Documents\GitHub\SmartSensorsFinal\STM32CubeExpansion_Cloud_AWS_V1.2.1\Projects\B-L475E-IOT01\Applications\Cloud\AWS\EWARM\B-L475E-IOT01\Obj\x509_crt.o"
#        "C:\Users\macorbin\OneDrive -
#        Itron\Documents\GitHub\SmartSensorsFinal\STM32CubeExpansion_Cloud_AWS_V1.2.1\Projects\B-L475E-IOT01\Applications\Cloud\AWS\EWARM\B-L475E-IOT01\Obj\x509_csr.o"
#        "C:\Users\macorbin\OneDrive -
#        Itron\Documents\GitHub\SmartSensorsFinal\STM32CubeExpansion_Cloud_AWS_V1.2.1\Projects\B-L475E-IOT01\Applications\Cloud\AWS\EWARM\B-L475E-IOT01\Obj\x509write_crt.o"
#        "C:\Users\macorbin\OneDrive -
#        Itron\Documents\GitHub\SmartSensorsFinal\STM32CubeExpansion_Cloud_AWS_V1.2.1\Projects\B-L475E-IOT01\Applications\Cloud\AWS\EWARM\B-L475E-IOT01\Obj\x509write_csr.o"
#        "C:\Users\macorbin\OneDrive -
#        Itron\Documents\GitHub\SmartSensorsFinal\STM32CubeExpansion_Cloud_AWS_V1.2.1\Projects\B-L475E-IOT01\Applications\Cloud\AWS\EWARM\B-L475E-IOT01\Obj\xtea.o"
#        --redirect _Printf=_PrintfFull --redirect _Scanf=_ScanfFull
#        --no_out_extension -o "C:\Users\macorbin\OneDrive -
#        Itron\Documents\GitHub\SmartSensorsFinal\STM32CubeExpansion_Cloud_AWS_V1.2.1\Projects\B-L475E-IOT01\Applications\Cloud\AWS\EWARM\B-L475E-IOT01\Exe\B-L475E-IOT01.out"
#        --map "C:\Users\macorbin\OneDrive -
#        Itron\Documents\GitHub\SmartSensorsFinal\STM32CubeExpansion_Cloud_AWS_V1.2.1\Projects\B-L475E-IOT01\Applications\Cloud\AWS\EWARM\B-L475E-IOT01\List\B-L475E-IOT01.map"
#        --config "C:\Users\macorbin\OneDrive -
#        Itron\Documents\GitHub\SmartSensorsFinal\STM32CubeExpansion_Cloud_AWS_V1.2.1\Projects\B-L475E-IOT01\Applications\Cloud\AWS\EWARM/stm32l475xx_flash.icf"
#        --semihosting --entry __iar_program_start --vfe --text_out locale)
#
###############################################################################

*******************************************************************************
*** RUNTIME MODEL ATTRIBUTES
***

CppFlavor       = *
__Heap_Handler  = DLMalloc
__SystemLibrary = DLib
__dlib_version  = 6


*******************************************************************************
*** HEAP SELECTION
***

The advanced heap was selected because the application calls memory
allocation functions outside of system library functions, and there
are calls to deallocation functions in the application.


*******************************************************************************
*** PLACEMENT SUMMARY
***

"A1":  place at 0x800'0000 { ro section .intvec };
"P1":  place in [from 0x800'0000 to 0x806'47ff] |
                [from 0x806'7800 to 0x807'ffff] { ro };
define block CSTACK with size = 8K, alignment = 8 { };
define block HEAP with size = 68K, alignment = 8 { };
"P2":  place in [from 0x2000'0000 to 0x2001'6400] {
          block CSTACK, rw, block HEAP };
initialize by copy { rw };

No sections matched the following patterns:

  ro section INITED_FIXED_LOC  in "P4"
  ro section UNINIT_FIXED_LOC  in "P3"
  ro section firewall_section  in "A0"


  Section            Kind         Address     Size  Object
  -------            ----         -------     ----  ------
"A1":                                        0x188
  .intvec            ro code   0x800'0000    0x188  startup_stm32l475xx.o [1]
                             - 0x800'0188    0x188

"P1":                                      0x2f56b
  .text              ro code   0x800'0188   0x35ac  ssl_tls.o [1]
  .text              ro code   0x800'3734    0x2a4  md.o [1]
  .text              ro code   0x800'39d8     0x14  strlen_small.o [4]
  .text              ro code   0x800'39ec     0x18  ABImemcpy_small.o [4]
  .text              ro code   0x800'3a04    0x340  cipher.o [1]
  .text              ro code   0x800'3d44    0x610  debug.o [1]
  .text              ro code   0x800'4354     0xa4  ssl_ciphersuites.o [1]
  .text              ro code   0x800'43f8    0xa90  sha256.o [1]
  .text              ro code   0x800'4e88    0xfd4  sha512.o [1]
  .text              ro code   0x800'5e5c     0x1e  ABImemmove_small.o [4]
  .text              ro code   0x800'5e7a     0x3a  zero_init3.o [4]
  .text              ro code   0x800'5eb4   0x1a74  x509_crt.o [1]
  .text              ro code   0x800'7928     0x1e  memcmp_small.o [4]
  .text              ro code   0x800'7946     0x26  xencoding_8859_1.o [2]
  .text              ro code   0x800'796c    0x2a8  pk.o [1]
  .text              ro code   0x800'7c14      0x6  ABImemclr.o [4]
  .text              ro code   0x800'7c1a     0x1e  xsscin.o [2]
  .text              ro code   0x800'7c38      0x6  ABImemclr4.o [4]
  .text              ro code   0x800'7c3e     0x1a  xsnprout.o [2]
  .text              ro code   0x800'7c58    0x188  ecdh.o [1]
  .text              ro code   0x800'7de0   0x2448  ssl_cli.o [1]
  .text              ro code   0x800'a228     0x12  ABImemset_small.o [4]
  .text              ro code   0x800'a23a      0xa  xsprout.o [2]
  .text              ro code   0x800'a244   0x1dcc  ecp.o [1]
  .text              ro code   0x800'c010    0x698  gcm.o [1]
  .text              ro code   0x800'c6a8    0x364  ccm.o [1]
  .text              ro code   0x800'ca0c     0x3c  vsnprint.o [2]
  .text              ro code   0x800'ca48     0x44  snprintf.o [2]
  .text              ro code   0x800'ca8c    0x300  asn1parse.o [1]
  .text              ro code   0x800'cd8c    0x85c  x509.o [1]
  .text              ro code   0x800'd5e8    0x238  oid.o [1]
  .text              ro code   0x800'd820    0xb94  pkparse.o [1]
  .text              ro code   0x800'e3b4     0x30  strstr.o [2]
  .text              ro code   0x800'e3e4    0x15c  pem.o [1]
  .text              ro code   0x800'e540   0x127c  rsa.o [1]
  .text              ro code   0x800'f7bc     0x3a  ABImemset48.o [4]
  .text              ro code   0x800'f7f8   0x17e0  bignum.o [1]
  .text              ro code   0x801'0fd8    0xf98  ecp_curves.o [1]
  .text              ro code   0x801'1f70    0xf46  xprintffull.o [2]
  .text              ro code   0x801'2eb8    0x380  pkcs12.o [1]
  .text              ro code   0x801'3238    0x300  pkcs5.o [1]
  .text              ro code   0x801'3538     0x16  strchr.o [4]
  .text              ro code   0x801'3550    0x104  base64.o [1]
  .text              ro code   0x801'3654    0x106  I64DivMod_small.o [4]
  .text              ro code   0x801'375c    0x104  xlocale_c.o [2]
  .text              ro code   0x801'3860     0x40  xfail_s.o [2]
  .text              ro code   0x801'38a0     0x58  memchr.o [4]
  .text              ro code   0x801'38f8      0xa  xmbcurmax.o [2]
  .text              ro code   0x801'3904    0x1a2  DblMul.o [3]
  .text              ro code   0x801'3aa8     0x70  frexp.o [3]
  .text              ro code   0x801'3b18     0x2e  DblCmpLe.o [3]
  .text              ro code   0x801'3b48     0x2e  DblCmpGe.o [3]
  .text              ro code   0x801'3b78    0x13a  ldexp.o [3]
  .text              ro code   0x801'3cb4     0x3a  DblToS32.o [3]
  .text              ro code   0x801'3cf0     0x22  S32ToDbl.o [3]
  .text              ro code   0x801'3d14     0xe2  DblSub.o [3]
  .text              ro code   0x801'3df8    0x246  DblDiv.o [3]
  .text              ro code   0x801'4040     0x28  DblToU32.o [3]
  .text              ro code   0x801'4068     0x1a  U32ToDbl.o [3]
  .text              ro code   0x801'4084      0x2  I64DivZer.o [4]
  .text              ro code   0x801'4086      0x6  abort.o [2]
  .text              ro code   0x801'408c    0x17a  DblAdd.o [3]
  .text              ro code   0x801'4208     0x14  exit.o [5]
  .text              ro code   0x801'421c   0x1520  dlmalloc.o [2]
  .text              ro code   0x801'573c     0x2c  xgetmemchunk.o [2]
  .text              ro code   0x801'5768   0x1294  ripemd160.o [1]
  .rodata            const     0x801'69fc   0x1000  aes.o [1]
  .text              ro code   0x801'79fc    0xff4  sha1.o [1]
  .text              ro code   0x801'89f0    0xf6a  stm32l4xx_hal_spi.o [1]
  .text              ro code   0x801'995a      0x2  stm32l4xx_hal_spi.o [1]
  .text              ro code   0x801'995c      0xc  stm32l4xx_hal.o [1]
  .text              ro code   0x801'9968     0x46  stm32l4xx_hal_dma.o [1]
  .text              ro code   0x801'99ae      0x2  stm32l4xx_hal_spi.o [1]
  .text              ro code   0x801'99b0      0x2  stm32l4xx_hal_spi.o [1]
  .text              ro code   0x801'99b4    0x478  es_wifi_io.o [1]
  .text              ro code   0x801'9e2c    0x230  stm32l4xx_hal_gpio.o [1]
  .text              ro code   0x801'a05c     0xca  stm32l4xx_hal_cortex.o [1]
  .text              ro code   0x801'a126     0x1e  stm32l4xx_hal.o [1]
  .text              ro code   0x801'a144    0x1dc  main.o [1]
  .text              ro code   0x801'a320     0x18  stm32l4xx_hal.o [1]
  .text              ro code   0x801'a338    0x6c4  stm32l4xx_hal_rcc.o [1]
  .text              ro code   0x801'a9fc    0x540  stm32l4xx_hal_rcc_ex.o [1]
  .text              ro code   0x801'af3c     0x9c  stm32l4xx_hal_msp.o [1]
  .text              ro code   0x801'afd8    0x346  stm32l475e_iot01.o [1]
  .text              ro code   0x801'b31e     0x8c  stm32l4xx_hal_rng.o [1]
  .text              ro code   0x801'b3ac    0x2ca  stm32l4xx_hal_rtc.o [1]
  .text              ro code   0x801'b678    0x378  cloud.o [1]
  .text              ro code   0x801'b9f0    0x770  aws_subscribe_publish_sensor_values.o [1]
  .text              ro code   0x801'c160    0x63a  stm32l4xx_hal_uart.o [1]
  .text              ro code   0x801'c79c     0x28  stm32l4xx_hal.o [1]
  .text              ro code   0x801'c7c4     0x7c  stm32l4xx_hal_pwr_ex.o [1]
  .text              ro code   0x801'c840    0x5be  stm32l4xx_hal_i2c.o [1]
  .text              ro code   0x801'ce00     0x5a  stm32l4xx_hal_i2c_ex.o [1]
  .text              ro code   0x801'ce5c     0x28  printf.o [2]
  .text              ro code   0x801'ce84      0xc  getchar.o [2]
  .text              ro code   0x801'ce90     0x10  rand.o [2]
  .text              ro code   0x801'cea0    0x44c  net.o [1]
  .text              ro code   0x801'd2ec    0x688  iot_flash_config.o [1]
  .text              ro code   0x801'd974    0x504  timedate.o [1]
  .text              ro code   0x801'de78    0x1d8  sensors_data.o [1]
  .text              ro code   0x801'e050    0x1e4  aws_iot_mqtt_client.o [1]
  .text              ro code   0x801'e234    0x3e0  aws_iot_mqtt_client_connect.o [1]
  .text              ro code   0x801'e614    0x365  aws_iot_mqtt_client_publish.o [1]
  .text              ro code   0x801'e97c    0x395  aws_iot_mqtt_client_subscribe.o [1]
  .text              ro code   0x801'ed14     0x40  sprintf.o [2]
  .text              ro code   0x801'ed54     0x1e  strcat.o [2]
  .text              ro code   0x801'ed74    0x214  aws_iot_mqtt_client_yield.o [1]
  .text              ro code   0x801'ef88      0x2  stm32l4xx_hal_i2c.o [1]
  .text              ro code   0x801'ef8a      0x4  heaptramp0.o [2]
  .text              ro code   0x801'ef90    0x1c8  wifi.o [1]
  .text              ro code   0x801'f158    0x624  net_tcp_wifi.o [1]
  .text              ro code   0x801'f77c    0x894  net_tls_mbedtls.o [1]
  .text              ro code   0x802'0010    0x14c  iar_Stoulx.o [2]
  .text              ro code   0x802'015c     0x12  strcmp.o [4]
  .text              ro code   0x802'0170    0x230  flash_l4.o [1]
  .text              ro code   0x802'03a0     0x28  strncmp.o [2]
  .text              ro code   0x802'03c8     0x28  sscanf.o [2]
  .text              ro code   0x802'03f0     0x34  stm32l475e_iot01_hsensor.o [1]
  .text              ro code   0x802'0424     0x2c  stm32l475e_iot01_tsensor.o [1]
  .text              ro code   0x802'0450     0x48  FltToDbl.o [3]
  .text              ro code   0x802'0498    0x68c  aws_network_st_wrapper.o [1]
  .text              ro code   0x802'0b24     0x58  aws_timer.o [1]
  .text              ro code   0x802'0b7c    0x50d  aws_iot_mqtt_client_common_internal.o [1]
  .text              ro code   0x802'108c    0xc8c  es_wifi.o [1]
  .text              ro code   0x802'1d18     0x1e  strncpy_small.o [4]
  .text              ro code   0x802'1d38     0x10  platform.o [1]
  .text              ro code   0x802'1d48    0x33c  ctr_drbg.o [1]
  .text              ro code   0x802'2084    0x1e4  entropy.o [1]
  .text              ro code   0x802'2268    0x51c  x509_crl.o [1]
  .text              ro code   0x802'2784     0x3c  fprintf.o [2]
  .text              ro code   0x802'27c0     0x14  isspace.o [2]
  .text              ro code   0x802'27d4     0x14  tolower.o [2]
  .text              ro code   0x802'27e8    0x22c  stm32l4xx_hal_flash.o [1]
  .text              ro code   0x802'2a14    0x1a0  stm32l4xx_hal_flash_ex.o [1]
  .text              ro code   0x802'2bb4    0xe58  xscanffull.o [2]
  .text              ro code   0x802'3a0c     0x4c  strtok.o [2]
  .text              ro code   0x802'3a58    0xa50  aes.o [1]
  .text              ro code   0x802'44a8     0x3c  wctob.o [2]
  .text              ro code   0x802'44e4     0x9e  iar_Stollx.o [2]
  .text              ro code   0x802'4584    0x1b2  iar_Stoullx.o [2]
  .text              ro code   0x802'4738    0x514  strto64.o [3]
  .text              ro code   0x802'4c4c     0x14  isalpha.o [2]
  .text              ro code   0x802'4c60     0x68  DblToFlt.o [3]
  .text              ro code   0x802'4cc8     0x22  strspn.o [2]
  .text              ro code   0x802'4cea     0x22  strcspn.o [2]
  .text              ro code   0x802'4d0c    0x122  iar_Stopfx.o [2]
  .text              ro code   0x802'4e30    0x1c4  iar_Stoflt.o [2]
  .text              ro code   0x802'4ff4    0x21c  iar_Stoxflt.o [2]
  .rodata            const     0x802'5210    0xb38  oid.o [1]
  .text              ro code   0x802'5d48    0xa0c  des.o [1]
  .text              ro code   0x802'6754    0xa00  md5.o [1]
  .rodata            const     0x802'7154    0x9e0  ssl_cli.o [1]
  .rodata            const     0x802'7b34    0x5b8  ssl_tls.o [1]
  .text              ro code   0x802'80ec    0x574  ecdsa.o [1]
  .text              ro code   0x802'8660    0x21e  hmac_drbg.o [1]
  .text              ro code   0x802'8880    0x130  asn1write.o [1]
  .rodata            const     0x802'89b0    0x4e4  ecp_curves.o [1]
  .rodata            const     0x802'8e94    0x400  aes.o [1]
  .rodata            const     0x802'9294    0x400  aes.o [1]
  .rodata            const     0x802'9694    0x400  aes.o [1]
  .rodata            const     0x802'9a94    0x400  aes.o [1]
  .rodata            const     0x802'9e94    0x3e8  aws_network_st_wrapper.o [1]
  .rodata            const     0x802'a27c    0x380  ecp_curves.o [1]
  .rodata            const     0x802'a5fc    0x33c  net_tls_mbedtls.o [1]
  .rodata            const     0x802'a938    0x2a0  cloud.o [1]
  .text              ro code   0x802'abd8    0x294  pk_wrap.o [1]
  .rodata            const     0x802'ae6c    0x28c  ssl_ciphersuites.o [1]
  .rodata            const     0x802'b0f8    0x280  sha512.o [1]
  .rodata            const     0x802'b378    0x270  cipher_wrap.o [1]
  .rodata            const     0x802'b5e8    0x214  aws_subscribe_publish_sensor_values.o [1]
  .rodata            const     0x802'b7fc    0x1e0  ssl_ciphersuites.o [1]
  .text              ro code   0x802'b9dc    0x1d4  wifi_net.o [1]
  .rodata            const     0x802'bbb0    0x1cc  iot_flash_config.o [1]
  .text              ro code   0x802'bd7c    0x1c8  hts221.o [1]
  .rodata            const     0x802'bf44    0x190  oid.o [1]
  .text              ro code   0x802'c0d4    0x180  mbedtls_net.o [1]
  .text              ro code   0x802'c254    0x146  md_wrap.o [1]
  .rodata            const     0x802'c39c    0x144  wifi_net.o [1]
  .rodata            const     0x802'c4e0    0x138  timedate.o [1]
  .rodata            const     0x802'c618    0x118  oid.o [1]
  .rodata            const     0x802'c730    0x114  sensors_data.o [1]
  .text              ro code   0x802'c844    0x112  cipher_wrap.o [1]
  .rodata            const     0x802'c958    0x100  aes.o [1]
  .rodata            const     0x802'ca58    0x100  aes.o [1]
  .rodata            const     0x802'cb58    0x100  des.o [1]
  .rodata            const     0x802'cc58    0x100  des.o [1]
  .rodata            const     0x802'cd58    0x100  des.o [1]
  .rodata            const     0x802'ce58    0x100  des.o [1]
  .rodata            const     0x802'cf58    0x100  des.o [1]
  .rodata            const     0x802'd058    0x100  des.o [1]
  .rodata            const     0x802'd158    0x100  des.o [1]
  .rodata            const     0x802'd258    0x100  des.o [1]
  .rodata            const     0x802'd358    0x100  sha256.o [1]
  .rodata            const     0x802'd458     0xf0  oid.o [1]
  .rodata            const     0x802'd548     0xdc  net_tcp_wifi.o [1]
  .rodata            const     0x802'd624     0xd4  x509_crt.o [1]
  .rodata            const     0x802'd6f8     0xc4  iot_flash_config.o [1]
  .rodata            const     0x802'd7bc     0xb8  es_wifi.o [1]
  .rodata            const     0x802'd874     0xb1  ssl_ciphersuites.o [1]
  .rodata            const     0x802'd928     0xac  aws_subscribe_publish_sensor_values.o [1]
  .text              ro code   0x802'd9d4     0x9c  packbits_init.o [4]
  .rodata            const     0x802'da70     0x90  ecp.o [1]
  .rodata            const     0x802'db00     0x90  ecp.o [1]
  .rodata            const     0x802'db90     0x90  flash_l4.o [1]
  .rodata            const     0x802'dc20     0x8c  oid.o [1]
  .rodata            const     0x802'dcac     0x84  aws_subscribe_publish_sensor_values.o [1]
  .rodata            const     0x802'dd30     0x84  mbedtls_net.o [1]
  .rodata            const     0x802'ddb4     0x80  base64.o [1]
  .rodata            const     0x802'de34     0x80  des.o [1]
  .rodata            const     0x802'deb4     0x64  net_tls_mbedtls.o [1]
  .rodata            const     0x802'df18     0x80  gcm.o [1]
  .rodata            const     0x802'df98     0x80  sha512.o [1]
  .rodata            const     0x802'e018     0x78  oid.o [1]
  .rodata            const     0x802'e090     0x70  oid.o [1]
  .rodata            const     0x802'e100     0x70  x509_crt.o [1]
  .rodata            const     0x802'e170     0x68  cipher_wrap.o [1]
  .text              ro code   0x802'e1d8     0x60  system_stm32l4xx.o [1]
  .rodata            const     0x802'e238     0x5c  net_tcp_wifi.o [1]
  .rodata            const     0x802'e294     0x58  cloud.o [1]
  .rodata            const     0x802'e2ec     0x58  x509_crt.o [1]
  .rodata            const     0x802'e344     0x54  x509_crt.o [1]
  .rodata            const     0x802'e398     0x50  net_tls_mbedtls.o [1]
  .rodata            const     0x802'e3e8     0x50  oid.o [1]
  .rodata            const     0x802'e438     0x50  iar_Stoulx.o [2]
  .rodata            const     0x802'e488     0x50  iar_Stoullx.o [2]
  .rodata            const     0x802'e4d8     0x4c  pkparse.o [1]
  .rodata            const     0x802'e524     0x4c  x509_crt.o [1]
  .rodata            const     0x802'e570     0x4c  x509_crt.o [1]
  .rodata            const     0x802'e5bc     0x4c  xscanffull.o [2]
  .rodata            const     0x802'e608     0x48  x509_crt.o [1]
  .rodata            const     0x802'e650     0x48  strto64.o [3]
  .rodata            const     0x802'e698     0x44  mbedtls_net.o [1]
  .rodata            const     0x802'e6dc     0x44  mbedtls_net.o [1]
  .rodata            const     0x802'e720     0x44  x509_crt.o [1]
  .rodata            const     0x802'e764     0x40  aws_subscribe_publish_sensor_values.o [1]
  .rodata            const     0x802'e7a4     0x40  md5.o [1]
  .rodata            const     0x802'e7e4     0x40  ripemd160.o [1]
  .rodata            const     0x802'e824     0x40  sha1.o [1]
  .rodata            const     0x802'e864     0x40  sha256.o [1]
  .rodata            const     0x802'e8a4     0x3c  iot_flash_config.o [1]
  .rodata            const     0x802'e8e0     0x3c  net.o [1]
  .rodata            const     0x802'e91c     0x3c  net.o [1]
  .rodata            const     0x802'e958     0x3c  oid.o [1]
  .rodata            const     0x802'e994     0x3c  oid.o [1]
  .rodata            const     0x802'e9d0     0x3c  x509_crt.o [1]
  .rodata            const     0x802'ea0c     0x38  aws_iot_mqtt_client.o [1]
  .rodata            const     0x802'ea44     0x38  aws_iot_mqtt_client.o [1]
  .rodata            const     0x802'ea7c     0x38  md_wrap.o [1]
  .rodata            const     0x802'eab4     0x38  net.o [1]
  .rodata            const     0x802'eaec     0x38  x509_crt.o [1]
  .rodata            const     0x802'eb24     0x34  cloud.o [1]
  .rodata            const     0x802'eb58     0x34  net.o [1]
  .rodata            const     0x802'eb8c     0x34  net.o [1]
  .rodata            const     0x802'ebc0     0x34  x509_crt.o [1]
  .rodata            const     0x802'ebf4     0x34  x509_crt.o [1]
  .rodata            const     0x802'ec28     0x30  aws_iot_mqtt_client.o [1]
  .rodata            const     0x802'ec58     0x30  aws_network_st_wrapper.o [1]
  .rodata            const     0x802'ec88     0x30  aws_network_st_wrapper.o [1]
  .rodata            const     0x802'ecb8     0x30  iot_flash_config.o [1]
  .rodata            const     0x802'ece8     0x30  iot_flash_config.o [1]
  .rodata            const     0x802'ed18     0x30  md_wrap.o [1]
  .rodata            const     0x802'ed48     0x30  md_wrap.o [1]
  .rodata            const     0x802'ed78     0x30  md_wrap.o [1]
  .rodata            const     0x802'eda8     0x30  md_wrap.o [1]
  .rodata            const     0x802'edd8     0x30  md_wrap.o [1]
  .rodata            const     0x802'ee08     0x30  md_wrap.o [1]
  .rodata            const     0x802'ee38     0x30  md_wrap.o [1]
  .rodata            const     0x802'ee68     0x30  net_tls_mbedtls.o [1]
  .rodata            const     0x802'ee98     0x30  net_tls_mbedtls.o [1]
  .rodata            const     0x802'eec8     0x30  pk_wrap.o [1]
  .rodata            const     0x802'eef8     0x30  pk_wrap.o [1]
  .rodata            const     0x802'ef28     0x30  pk_wrap.o [1]
  .rodata            const     0x802'ef58     0x30  pk_wrap.o [1]
  .rodata            const     0x802'ef88     0x30  system_stm32l4xx.o [1]
  .rodata            const     0x802'efb8     0x30  x509_crt.o [1]
  .rodata            const     0x802'efe8     0x30  x509_crt.o [1]
  .rodata            const     0x802'f018     0x30  x509_crt.o [1]
  .rodata            const     0x802'f048     0x30  x509_crt.o [1]
  .rodata            const     0x802'f078     0x30  x509_crt.o [1]
  .text              ro code   0x802'f0a8     0x30  entropy_hardware_poll.o [1]
  .rodata            const     0x802'f0d8     0x2c  x509_crt.o [1]
  .text              ro code   0x802'f104     0x2c  stm32l4xx_it.o [1]
  .text              ro code   0x802'f130     0x10  stm32l4xx_hal.o [1]
  .rodata            const     0x802'f140     0x28  aes.o [1]
  .rodata            const     0x802'f168     0x28  ssl_ciphersuites.o [1]
  .rodata            const     0x802'f190     0x28  ssl_ciphersuites.o [1]
  .rodata            const     0x802'f1b8     0x28  ssl_ciphersuites.o [1]
  .rodata            const     0x802'f1e0     0x28  ssl_ciphersuites.o [1]
  .rodata            const     0x802'f208     0x28  x509_crt.o [1]
  .rodata            const     0x802'f230     0x28  x509_crt.o [1]
  .rodata            const     0x802'f258     0x28  xscanffull.o [2]
  .text              ro code   0x802'f280     0x28  data_init.o [4]
  .rodata            const     0x802'f2a8     0x24  net_tcp_wifi.o [1]
  .rodata            const     0x802'f2cc     0x24  ssl_ciphersuites.o [1]
  .rodata            const     0x802'f2f0     0x24  ssl_ciphersuites.o [1]
  .rodata            const     0x802'f314     0x24  ssl_ciphersuites.o [1]
  .rodata            const     0x802'f338     0x24  ssl_ciphersuites.o [1]
  .text              ro code   0x802'f35c     0x22  fpinit_M.o [3]
  .iar.init_table    const     0x802'f380     0x2c  - Linker created -
  .text              ro code   0x802'f3ac     0x1e  cmain.o [4]
  .text              ro code   0x802'f3ca      0x4  low_level_init.o [2]
  .text              ro code   0x802'f3ce      0x4  exit.o [2]
  .text              ro code   0x802'f3d4      0xa  cexit.o [4]
  .rodata            const     0x802'f3e0     0x18  pk_wrap.o [1]
  .text              ro code   0x802'f3f8     0x18  xfprout.o [2]
  .text              ro code   0x802'f410     0x16  xprout.o [2]
  .text              ro code   0x802'f428      0xc  putchar.o [2]
  .text              ro code   0x802'f434     0x10  startup_stm32l475xx.o [1]
  .text              ro code   0x802'f444      0xc  cstartup_M.o [4]
  .rodata            const     0x802'f450      0x8  system_stm32l4xx.o [1]
  .rodata            const     0x802'f458      0x6  xlocale_c.o [2]
  .text              ro code   0x802'f45e      0x4  startup_stm32l475xx.o [1]
  .text              ro code   0x802'f462      0x4  startup_stm32l475xx.o [1]
  .text              ro code   0x802'f466      0x4  startup_stm32l475xx.o [1]
  .text              ro code   0x802'f46a      0x4  startup_stm32l475xx.o [1]
  .text              ro code   0x802'f46e      0x4  startup_stm32l475xx.o [1]
  .text              ro code   0x802'f472      0x4  startup_stm32l475xx.o [1]
  .text              ro code   0x802'f476      0x4  startup_stm32l475xx.o [1]
  .text              ro code   0x802'f47a      0x4  startup_stm32l475xx.o [1]
  .text              ro code   0x802'f47e      0x4  startup_stm32l475xx.o [1]
  .text              ro code   0x802'f482      0x4  startup_stm32l475xx.o [1]
  .text              ro code   0x802'f486      0x4  startup_stm32l475xx.o [1]
  .text              ro code   0x802'f48a      0x4  startup_stm32l475xx.o [1]
  .text              ro code   0x802'f48e      0x4  startup_stm32l475xx.o [1]
  .text              ro code   0x802'f492      0x4  startup_stm32l475xx.o [1]
  .text              ro code   0x802'f496      0x4  startup_stm32l475xx.o [1]
  .text              ro code   0x802'f49a      0x4  startup_stm32l475xx.o [1]
  .text              ro code   0x802'f49e      0x4  startup_stm32l475xx.o [1]
  .text              ro code   0x802'f4a2      0x4  startup_stm32l475xx.o [1]
  .text              ro code   0x802'f4a6      0x4  startup_stm32l475xx.o [1]
  .text              ro code   0x802'f4aa      0x4  startup_stm32l475xx.o [1]
  .text              ro code   0x802'f4ae      0x4  startup_stm32l475xx.o [1]
  .text              ro code   0x802'f4b2      0x4  startup_stm32l475xx.o [1]
  .text              ro code   0x802'f4b6      0x4  startup_stm32l475xx.o [1]
  .text              ro code   0x802'f4ba      0x4  startup_stm32l475xx.o [1]
  .text              ro code   0x802'f4be      0x4  startup_stm32l475xx.o [1]
  .text              ro code   0x802'f4c2      0x4  startup_stm32l475xx.o [1]
  .text              ro code   0x802'f4c6      0x4  startup_stm32l475xx.o [1]
  .text              ro code   0x802'f4ca      0x4  startup_stm32l475xx.o [1]
  .text              ro code   0x802'f4ce      0x4  startup_stm32l475xx.o [1]
  .text              ro code   0x802'f4d2      0x4  startup_stm32l475xx.o [1]
  .text              ro code   0x802'f4d6      0x4  startup_stm32l475xx.o [1]
  .text              ro code   0x802'f4da      0x4  startup_stm32l475xx.o [1]
  .text              ro code   0x802'f4de      0x4  startup_stm32l475xx.o [1]
  .text              ro code   0x802'f4e2      0x4  startup_stm32l475xx.o [1]
  .text              ro code   0x802'f4e6      0x4  startup_stm32l475xx.o [1]
  .text              ro code   0x802'f4ea      0x4  startup_stm32l475xx.o [1]
  .text              ro code   0x802'f4ee      0x4  startup_stm32l475xx.o [1]
  .text              ro code   0x802'f4f2      0x4  startup_stm32l475xx.o [1]
  .text              ro code   0x802'f4f6      0x4  startup_stm32l475xx.o [1]
  .text              ro code   0x802'f4fa      0x4  startup_stm32l475xx.o [1]
  .text              ro code   0x802'f4fe      0x4  startup_stm32l475xx.o [1]
  .text              ro code   0x802'f502      0x4  startup_stm32l475xx.o [1]
  .text              ro code   0x802'f506      0x4  startup_stm32l475xx.o [1]
  .text              ro code   0x802'f50a      0x4  startup_stm32l475xx.o [1]
  .text              ro code   0x802'f50e      0x4  startup_stm32l475xx.o [1]
  .text              ro code   0x802'f512      0x4  startup_stm32l475xx.o [1]
  .text              ro code   0x802'f516      0x4  startup_stm32l475xx.o [1]
  .text              ro code   0x802'f51a      0x4  startup_stm32l475xx.o [1]
  .text              ro code   0x802'f51e      0x4  startup_stm32l475xx.o [1]
  .text              ro code   0x802'f522      0x4  startup_stm32l475xx.o [1]
  .text              ro code   0x802'f526      0x4  startup_stm32l475xx.o [1]
  .text              ro code   0x802'f52a      0x4  startup_stm32l475xx.o [1]
  .text              ro code   0x802'f52e      0x4  startup_stm32l475xx.o [1]
  .text              ro code   0x802'f532      0x4  startup_stm32l475xx.o [1]
  .text              ro code   0x802'f536      0x4  startup_stm32l475xx.o [1]
  .text              ro code   0x802'f53a      0x4  startup_stm32l475xx.o [1]
  .text              ro code   0x802'f53e      0x4  startup_stm32l475xx.o [1]
  .text              ro code   0x802'f542      0x4  startup_stm32l475xx.o [1]
  .text              ro code   0x802'f546      0x4  startup_stm32l475xx.o [1]
  .text              ro code   0x802'f54a      0x4  startup_stm32l475xx.o [1]
  .text              ro code   0x802'f54e      0x4  startup_stm32l475xx.o [1]
  .text              ro code   0x802'f552      0x4  startup_stm32l475xx.o [1]
  .text              ro code   0x802'f556      0x4  startup_stm32l475xx.o [1]
  .text              ro code   0x802'f55a      0x4  startup_stm32l475xx.o [1]
  .text              ro code   0x802'f55e      0x4  startup_stm32l475xx.o [1]
  .text              ro code   0x802'f562      0x4  startup_stm32l475xx.o [1]
  .text              ro code   0x802'f566      0x4  startup_stm32l475xx.o [1]
  .text              ro code   0x802'f56a      0x4  startup_stm32l475xx.o [1]
  .text              ro code   0x802'f56e      0x4  startup_stm32l475xx.o [1]
  .text              ro code   0x802'f572      0x4  startup_stm32l475xx.o [1]
  .text              ro code   0x802'f576      0x4  startup_stm32l475xx.o [1]
  .text              ro code   0x802'f57a      0x4  startup_stm32l475xx.o [1]
  .text              ro code   0x802'f57e      0x4  startup_stm32l475xx.o [1]
  .text              ro code   0x802'f582      0x4  startup_stm32l475xx.o [1]
  .text              ro code   0x802'f586      0x4  startup_stm32l475xx.o [1]
  .text              ro code   0x802'f58a      0x4  startup_stm32l475xx.o [1]
  .text              ro code   0x802'f58e      0x4  startup_stm32l475xx.o [1]
  .rodata            const     0x802'f592      0x0  zero_init3.o [4]
  .rodata            const     0x802'f592      0x0  packbits_init.o [4]
  Initializer bytes  const     0x802'f592    0x161  <for P2 s0>
                             - 0x802'f6f3  0x2f56b

"P2", part 1 of 3:                           0x260
  P2 s0                       0x2000'0000    0x260  <Init block>
    .data            inited   0x2000'0000     0xa8  aws_subscribe_publish_sensor_values.o [1]
    .data            inited   0x2000'00a8     0x48  xfiles.o [2]
    .data            inited   0x2000'00f0     0x48  xfiles.o [2]
    .data            inited   0x2000'0138     0x48  xlocale_c.o [2]
    .data            inited   0x2000'0180     0x38  xlocale_c.o [2]
    .data            inited   0x2000'01b8     0x30  ssl_tls.o [1]
    .data            inited   0x2000'01e8     0x14  ssl_tls.o [1]
    .data            inited   0x2000'01fc     0x10  hts221.o [1]
    .data            inited   0x2000'020c      0xc  hts221.o [1]
    .data            inited   0x2000'0218      0xc  stm32l475e_iot01.o [1]
    .data            inited   0x2000'0224      0x8  ecp_curves.o [1]
    .data            inited   0x2000'022c      0x8  ecp_curves.o [1]
    .data            inited   0x2000'0234      0x8  ecp_curves.o [1]
    .data            inited   0x2000'023c      0x8  platform.o [1]
    .data            inited   0x2000'0244      0x8  rand.o [2]
    .data            inited   0x2000'024c      0x4  ecp_curves.o [1]
    .data            inited   0x2000'0250      0x4  iot_flash_config.o [1]
    .data            inited   0x2000'0254      0x4  stm32l475e_iot01.o [1]
    .data            inited   0x2000'0258      0x4  stm32l475e_iot01.o [1]
    .data            inited   0x2000'025c      0x4  system_stm32l4xx.o [1]
                            - 0x2000'0260    0x260

"P2", part 2 of 3:                           0xb0c
  .bss               zero     0x2000'0260    0x6a8  wifi.o [1]
  .bss               zero     0x2000'0908    0x1d8  dlmalloc.o [2]
  .bss               zero     0x2000'0ae0     0x78  main.o [1]
  .bss               zero     0x2000'0b58     0x70  es_wifi_io.o [1]
  .bss               zero     0x2000'0bc8     0x50  xfiles.o [2]
  .bss               zero     0x2000'0c18     0x4c  stm32l475e_iot01.o [1]
  .bss               zero     0x2000'0c64     0x40  ssl_ciphersuites.o [1]
  .bss               zero     0x2000'0ca4     0x30  main.o [1]
  .bss               zero     0x2000'0cd4     0x20  stm32l4xx_hal_flash.o [1]
  .bss               zero     0x2000'0cf4     0x1c  aws_iot_mqtt_client.o [1]
  .bss               zero     0x2000'0d10     0x18  dlmalloc.o [2]
  .bss               zero     0x2000'0d28     0x10  ecp.o [1]
  .bss               zero     0x2000'0d38      0xc  ecp.o [1]
  .bss               zero     0x2000'0d44      0x4  debug.o [1]
  .bss               zero     0x2000'0d48      0x4  es_wifi.o [1]
  .bss               zero     0x2000'0d4c      0x4  main.o [1]
  .bss               zero     0x2000'0d50      0x4  stm32l475e_iot01_hsensor.o [1]
  .bss               zero     0x2000'0d54      0x4  stm32l475e_iot01_tsensor.o [1]
  .bss               zero     0x2000'0d58      0x4  stm32l4xx_hal.o [1]
  .bss               zero     0x2000'0d5c      0x4  strtok.o [2]
  .bss               zero     0x2000'0d60      0x4  xfail_s.o [2]
  .bss               zero     0x2000'0d64      0x4  xgetmemchunk.o [2]
  .bss               zero     0x2000'0d68      0x1  main.o [1]
                            - 0x2000'0d69    0xb09

"P2", part 3 of 3:                         0x13000
  CSTACK                      0x2000'0d70   0x2000  <Block>
    CSTACK           uninit   0x2000'0d70   0x2000  <Block tail>
  HEAP                        0x2000'2d70  0x11000  <Block>
    HEAP             uninit   0x2000'2d70  0x11000  <Block tail>
                            - 0x2001'3d70  0x13000

Unused ranges:

         From           To      Size
         ----           --      ----
   0x802'f6f3   0x806'47ff  0x3'510d
   0x806'7800   0x807'ffff  0x1'8800
  0x2000'0d6c  0x2000'0d6f       0x4
  0x2001'3d70  0x2001'6400    0x2691


*******************************************************************************
*** INIT TABLE
***

          Address      Size
          -------      ----
Zero (__iar_zero_init3)
    1 destination range, total size 0xb09:
          0x2000'0260  0xb09

Copy/packbits (__iar_packbits_init3)
    1 source range, total size 0x161 (58% of destination):
           0x802'f592  0x161
    1 destination range, total size 0x260:
          0x2000'0000  0x260



*******************************************************************************
*** MODULE SUMMARY
***

    Module                                 ro code  ro data  rw data
    ------                                 -------  -------  -------
command line/config:
    ----------------------------------------------------------------
    Total:

C:\Users\macorbin\OneDrive - Itron\Documents\GitHub\SmartSensorsFinal\STM32CubeExpansion_Cloud_AWS_V1.2.1\Projects\B-L475E-IOT01\Applications\Cloud\AWS\EWARM\B-L475E-IOT01\Obj: [1]
    aes.o                                    2 640    8 744
    asn1parse.o                                768
    asn1write.o                                304
    aws_iot_mqtt_client.o                      484      160       28
    aws_iot_mqtt_client_common_internal.o    1 293
    aws_iot_mqtt_client_connect.o              992
    aws_iot_mqtt_client_publish.o              869
    aws_iot_mqtt_client_subscribe.o            917
    aws_iot_mqtt_client_yield.o                532
    aws_network_st_wrapper.o                 1 676    1 096
    aws_subscribe_publish_sensor_values.o    1 904      997      168
    aws_timer.o                                 88
    base64.o                                   260      128
    bignum.o                                 6 112
    ccm.o                                      868
    cipher.o                                   832
    cipher_wrap.o                              274      728
    cloud.o                                    888      812
    ctr_drbg.o                                 828
    debug.o                                  1 552                 4
    des.o                                    2 572    2 176
    ecdh.o                                     392
    ecdsa.o                                  1 396
    ecp.o                                    7 628      288       28
    ecp_curves.o                             3 992    2 164       28
    entropy.o                                  484
    entropy_hardware_poll.o                     48
    es_wifi.o                                3 212      184        4
    es_wifi_io.o                             1 144               112
    flash_l4.o                                 560      144
    gcm.o                                    1 688      128
    hmac_drbg.o                                542
    hts221.o                                   456       17       28
    iot_flash_config.o                       1 672      815        4
    main.o                                     476               173
    mbedtls_net.o                              384      268
    md.o                                       676
    md5.o                                    2 560       64
    md_wrap.o                                  326      392
    net.o                                    1 100      280
    net_tcp_wifi.o                           1 572      348
    net_tls_mbedtls.o                        2 196    1 104
    oid.o                                      568    4 364
    pem.o                                      348
    pk.o                                       680
    pk_wrap.o                                  660      216
    pkcs12.o                                   896
    pkcs5.o                                    768
    pkparse.o                                2 964       76
    platform.o                                  16        4        8
    ripemd160.o                              4 756       64
    rsa.o                                    4 732
    sensors_data.o                             472      276
    sha1.o                                   4 084       64
    sha256.o                                 2 704      320
    sha512.o                                 4 052      768
    ssl_ciphersuites.o                         164    1 613       64
    ssl_cli.o                                9 288    2 528
    ssl_tls.o                               13 740    1 503       68
    startup_stm32l475xx.o                      716
    stm32l475e_iot01.o                         838       11       96
    stm32l475e_iot01_hsensor.o                  52                 4
    stm32l475e_iot01_tsensor.o                  44                 4
    stm32l4xx_hal.o                            122                 4
    stm32l4xx_hal_cortex.o                     202
    stm32l4xx_hal_dma.o                         70
    stm32l4xx_hal_flash.o                      556                32
    stm32l4xx_hal_flash_ex.o                   416
    stm32l4xx_hal_gpio.o                       560
    stm32l4xx_hal_i2c.o                      1 472
    stm32l4xx_hal_i2c_ex.o                      90
    stm32l4xx_hal_msp.o                        156
    stm32l4xx_hal_pwr_ex.o                     124
    stm32l4xx_hal_rcc.o                      1 732
    stm32l4xx_hal_rcc_ex.o                   1 344
    stm32l4xx_hal_rng.o                        140
    stm32l4xx_hal_rtc.o                        714
    stm32l4xx_hal_spi.o                      3 952
    stm32l4xx_hal_uart.o                     1 594
    stm32l4xx_it.o                              44
    system_stm32l4xx.o                          96       59        4
    timedate.o                               1 284      312
    wifi.o                                     456             1 704
    wifi_net.o                                 468      324
    x509.o                                   2 140
    x509_crl.o                               1 308
    x509_crt.o                               6 772    1 372
    ----------------------------------------------------------------
    Total:                                 137 511   34 911    2 565

dl7M_tlf.a: [2]
    abort.o                                      6
    dlmalloc.o                               5 408               496
    exit.o                                       4
    fprintf.o                                   60
    getchar.o                                   12
    heaptramp0.o                                 4
    iar_Stoflt.o                               452
    iar_Stollx.o                               158
    iar_Stopfx.o                               290
    iar_Stoullx.o                              434       80
    iar_Stoulx.o                               332       80
    iar_Stoxflt.o                              540
    isalpha.o                                   20
    isspace.o                                   20
    low_level_init.o                             4
    printf.o                                    40
    putchar.o                                   12
    rand.o                                      16        5        8
    snprintf.o                                  68
    sprintf.o                                   64
    sscanf.o                                    40
    strcat.o                                    30
    strcspn.o                                   34
    strncmp.o                                   40
    strspn.o                                    34
    strstr.o                                    48
    strtok.o                                    76                 4
    tolower.o                                   20
    vsnprint.o                                  60
    wctob.o                                     60
    xencoding_8859_1.o                          38
    xfail_s.o                                   64                 4
    xfiles.o                                             84      224
    xfprout.o                                   24
    xgetmemchunk.o                              44                 4
    xlocale_c.o                                260       80      128
    xmbcurmax.o                                 10
    xprintffull.o                            3 910
    xprout.o                                    22
    xscanffull.o                             3 672      116
    xsnprout.o                                  26
    xsprout.o                                   10
    xsscin.o                                    30
    ----------------------------------------------------------------
    Total:                                  16 496      445      868

m7M_tls.a: [3]
    DblAdd.o                                   378
    DblCmpGe.o                                  46
    DblCmpLe.o                                  46
    DblDiv.o                                   582
    DblMul.o                                   418
    DblSub.o                                   226
    DblToFlt.o                                 104
    DblToS32.o                                  58
    DblToU32.o                                  40
    FltToDbl.o                                  72
    S32ToDbl.o                                  34
    U32ToDbl.o                                  26
    fpinit_M.o                                  34
    frexp.o                                    112
    ldexp.o                                    314
    strto64.o                                1 300       72
    ----------------------------------------------------------------
    Total:                                   3 790       72

rt7M_tl.a: [4]
    ABImemclr.o                                  6
    ABImemclr4.o                                 6
    ABImemcpy_small.o                           24
    ABImemmove_small.o                          30
    ABImemset48.o                               58
    ABImemset_small.o                           18
    I64DivMod_small.o                          262
    I64DivZer.o                                  2
    cexit.o                                     10
    cmain.o                                     30
    cstartup_M.o                                12
    data_init.o                                 40
    memchr.o                                    88
    memcmp_small.o                              30
    packbits_init.o                            156
    strchr.o                                    22
    strcmp.o                                    18
    strlen_small.o                              20
[...]
net_sock_open_mbedtls::__func__
                         0x801'fef8    0x18  Data  Lc  net_tls_mbedtls.o [1]
net_sock_open_wifi       0x801'f1f5    0xc6  Code  Gb  net_tcp_wifi.o [1]
net_sock_open_wifi::__func__
                         0x801'f6f0    0x14  Data  Lc  net_tcp_wifi.o [1]
net_sock_recv            0x801'd167     0xa  Code  Gb  net.o [1]
net_sock_recv_mbedtls    0x801'fc2d    0x9c  Code  Gb  net_tls_mbedtls.o [1]
net_sock_recv_mbedtls::__func__
                         0x801'ffb8    0x18  Data  Lc  net_tls_mbedtls.o [1]
net_sock_recv_tcp_wifi   0x801'f2bd   0x102  Code  Gb  net_tcp_wifi.o [1]
net_sock_recv_tcp_wifi::__func__
                         0x801'f704    0x18  Data  Lc  net_tcp_wifi.o [1]
net_sock_recvfrom_udp_wifi
                         0x801'f3c9   0x14e  Code  Gb  net_tcp_wifi.o [1]
net_sock_recvfrom_udp_wifi::__func__
                         0x801'f71c    0x1c  Data  Lc  net_tcp_wifi.o [1]
net_sock_send            0x801'd171     0x8  Code  Gb  net.o [1]
net_sock_send_mbedtls    0x801'fcd1    0x9c  Code  Gb  net_tls_mbedtls.o [1]
net_sock_send_mbedtls::__func__
                         0x801'ffd0    0x18  Data  Lc  net_tls_mbedtls.o [1]
net_sock_send_tcp_wifi   0x801'f535    0x7e  Code  Gb  net_tcp_wifi.o [1]
net_sock_send_tcp_wifi::__func__
                         0x801'f738    0x18  Data  Lc  net_tcp_wifi.o [1]
net_sock_sendto_udp_wifi
                         0x801'f5b5    0xac  Code  Gb  net_tcp_wifi.o [1]
net_sock_sendto_udp_wifi::__func__
                         0x801'f760    0x1c  Data  Lc  net_tcp_wifi.o [1]
net_sock_setopt          0x801'd065    0xfc  Code  Gb  net.o [1]
net_timeout_left_ms      0x801'd193    0x14  Code  Gb  net.o [1]
obuf                    0x2000'0bc8    0x50  Data  Lc  xfiles.o [2]
oid_cipher_alg           0x802'e958    0x3c  Data  Lc  oid.o [1]
oid_ecp_grp              0x802'd458    0xf0  Data  Lc  oid.o [1]
oid_ext_key_usage        0x802'e090    0x70  Data  Lc  oid.o [1]
oid_md_alg               0x802'dc20    0x8c  Data  Lc  oid.o [1]
oid_pk_alg               0x802'e3e8    0x50  Data  Lc  oid.o [1]
oid_pkcs12_pbe_alg       0x802'e994    0x3c  Data  Lc  oid.o [1]
oid_sig_alg              0x802'c618   0x118  Data  Lc  oid.o [1]
oid_sig_alg_from_asn1    0x800'd673    0x2e  Code  Lc  oid.o [1]
oid_x509_ext             0x802'e018    0x78  Data  Lc  oid.o [1]
oid_x520_attr_type       0x802'bf44   0x190  Data  Lc  oid.o [1]
pFlash                  0x2000'0cd4    0x20  Data  Gb  stm32l4xx_hal_flash.o [1]
pUsernameTemp           0x2000'0cf4    0x1c  Data  Lc  aws_iot_mqtt_client.o [1]
pk_get_ecpubkey          0x800'dacb    0x26  Code  Lc  pkparse.o [1]
pk_get_pk_alg            0x800'daf1    0x50  Code  Lc  pkparse.o [1]
pk_group_from_specified
                         0x800'd821   0x176  Code  Lc  pkparse.o [1]
pk_group_id_from_group   0x800'd9a1    0xc4  Code  Lc  pkparse.o [1]
pk_hashlen_helper        0x800'7a03    0x1e  Code  Lc  pk.o [1]
pk_parse_key_pkcs1_der   0x800'dc61    0xd4  Code  Lc  pkparse.o [1]
pk_parse_key_pkcs8_encrypted_der
                         0x800'df79   0x12e  Code  Lc  pkparse.o [1]
pk_parse_key_pkcs8_unencrypted_der
                         0x800'dead    0xcc  Code  Lc  pkparse.o [1]
pk_parse_key_sec1_der    0x800'dd49   0x15a  Code  Lc  pkparse.o [1]
pk_use_ecparams          0x800'da65    0x66  Code  Lc  pkparse.o [1]
pkcs12_fill_buffer       0x801'3075    0x2a  Code  Lc  pkcs12.o [1]
pkcs12_pbe_derive_key_iv
                         0x801'2ecb    0xe6  Code  Lc  pkcs12.o [1]
pkcs5_parse_pbkdf2_params
                         0x801'3239    0xa6  Code  Lc  pkcs5.o [1]
platform_deinit          0x801'b881    0x20  Code  Gb  cloud.o [1]
platform_init            0x801'b6f5   0x18c  Code  Gb  cloud.o [1]
platform_init::__func__
                         0x801'b97c    0x10  Data  Lc  cloud.o [1]
pows                     0x802'e650    0x48  Data  Lc  strto64.o [3]
prepend_alloc            0x801'429f   0x346  Code  Lc  dlmalloc.o [2]
printf                   0x801'ce5d    0x28  Code  Gb  printf.o [2]
publishCount            0x2000'0000     0x4  Data  Lc  aws_subscribe_publish_sensor_values.o [1]
putchar                  0x802'f429     0xc  Code  Gb  putchar.o [2]
ranmatch                 0x802'2f1d    0x44  Code  Lc  xscanffull.o [2]
ripemd160_clone_wrap     0x802'c2bd     0x4  Code  Lc  md_wrap.o [1]
ripemd160_ctx_alloc      0x802'c297    0x12  Code  Lc  md_wrap.o [1]
ripemd160_ctx_free       0x802'c2a9     0x8  Code  Lc  md_wrap.o [1]
ripemd160_finish_wrap    0x802'c293     0x4  Code  Lc  md_wrap.o [1]
ripemd160_padding        0x802'e7e4    0x40  Data  Lc  ripemd160.o [1]
ripemd160_process_wrap   0x802'c2c1     0x4  Code  Lc  md_wrap.o [1]
ripemd160_starts_wrap    0x802'c28b     0x4  Code  Lc  md_wrap.o [1]
ripemd160_update_wrap    0x802'c28f     0x4  Code  Lc  md_wrap.o [1]
rsa_alloc_wrap           0x802'aca7    0x16  Code  Lc  pk_wrap.o [1]
rsa_can_do               0x802'abd9    0x10  Code  Lc  pk_wrap.o [1]
rsa_check_pair_wrap      0x802'aca3     0x4  Code  Lc  pk_wrap.o [1]
rsa_debug                0x802'acc9    0x20  Code  Lc  pk_wrap.o [1]
rsa_decrypt_wrap         0x802'ac51    0x28  Code  Lc  pk_wrap.o [1]
rsa_encrypt_wrap         0x802'ac79    0x2a  Code  Lc  pk_wrap.o [1]
rsa_free_wrap            0x802'acbd     0xa  Code  Lc  pk_wrap.o [1]
rsa_get_bitlen           0x802'abe9     0x6  Code  Lc  pk_wrap.o [1]
rsa_prepare_blinding     0x800'e849    0xb4  Code  Lc  rsa.o [1]
rsa_sign_wrap            0x802'ac27    0x2a  Code  Lc  pk_wrap.o [1]
rsa_verify_wrap          0x802'abef    0x38  Code  Lc  pk_wrap.o [1]
scalbln                  0x801'3b79          Code  Gb  ldexp.o [3]
scalblnl                 0x801'3b79          Code  Gb  ldexp.o [3]
scalbn                   0x801'3b79          Code  Gb  ldexp.o [3]
scalbnl                  0x801'3b79          Code  Gb  ldexp.o [3]
scale                    0x801'2747    0x46  Code  Lc  xprintffull.o [2]
sec_hand                0x2000'0d60     0x4  Data  Lc  xfail_s.o [2]
secp192k1_a              0x802'a404     0x4  Data  Lc  ecp_curves.o [1]
secp192k1_b              0x801'1ef0     0x4  Data  Lc  ecp_curves.o [1]
secp192k1_gx             0x802'a408    0x18  Data  Lc  ecp_curves.o [1]
secp192k1_gy             0x802'a420    0x18  Data  Lc  ecp_curves.o [1]
secp192k1_n              0x801'1ed8    0x18  Data  Lc  ecp_curves.o [1]
secp192k1_p              0x802'a3ec    0x18  Data  Lc  ecp_curves.o [1]
secp192r1_b              0x802'a294    0x18  Data  Lc  ecp_curves.o [1]
secp192r1_gx             0x802'a2ac    0x18  Data  Lc  ecp_curves.o [1]
secp192r1_gy             0x802'a2c4    0x18  Data  Lc  ecp_curves.o [1]
secp192r1_n              0x801'1364    0x18  Data  Lc  ecp_curves.o [1]
secp192r1_p              0x802'a27c    0x18  Data  Lc  ecp_curves.o [1]
secp224k1_a              0x802'a454     0x4  Data  Lc  ecp_curves.o [1]
secp224k1_b              0x802'a458     0x4  Data  Lc  ecp_curves.o [1]
secp224k1_gx             0x802'a45c    0x1c  Data  Lc  ecp_curves.o [1]
secp224k1_gy             0x802'a478    0x1c  Data  Lc  ecp_curves.o [1]
secp224k1_n              0x802'a494    0x20  Data  Lc  ecp_curves.o [1]
secp224k1_p              0x802'a438    0x1c  Data  Lc  ecp_curves.o [1]
secp224r1_b              0x802'a2fc    0x1c  Data  Lc  ecp_curves.o [1]
secp224r1_gx             0x802'a318    0x1c  Data  Lc  ecp_curves.o [1]
secp224r1_gy             0x802'a334    0x1c  Data  Lc  ecp_curves.o [1]
secp224r1_n              0x802'a350    0x1c  Data  Lc  ecp_curves.o [1]
secp224r1_p              0x802'a2dc    0x20  Data  Lc  ecp_curves.o [1]
secp256k1_a              0x802'a4d4     0x4  Data  Lc  ecp_curves.o [1]
secp256k1_b              0x802'a4d8     0x4  Data  Lc  ecp_curves.o [1]
secp256k1_gx             0x802'a4dc    0x20  Data  Lc  ecp_curves.o [1]
secp256k1_gy             0x802'a4fc    0x20  Data  Lc  ecp_curves.o [1]
secp256k1_n              0x802'a51c    0x20  Data  Lc  ecp_curves.o [1]
secp256k1_p              0x802'a4b4    0x20  Data  Lc  ecp_curves.o [1]
secp256r1_b              0x802'a38c    0x20  Data  Lc  ecp_curves.o [1]
secp256r1_gx             0x802'a3ac    0x20  Data  Lc  ecp_curves.o [1]
secp256r1_gy             0x802'a3cc    0x20  Data  Lc  ecp_curves.o [1]
secp256r1_n              0x801'1e98    0x20  Data  Lc  ecp_curves.o [1]
secp256r1_p              0x802'a36c    0x20  Data  Lc  ecp_curves.o [1]
secp384r1_b              0x802'89e0    0x30  Data  Lc  ecp_curves.o [1]
secp384r1_gx             0x802'8a10    0x30  Data  Lc  ecp_curves.o [1]
secp384r1_gy             0x802'8a40    0x30  Data  Lc  ecp_curves.o [1]
secp384r1_n              0x802'8a70    0x30  Data  Lc  ecp_curves.o [1]
secp384r1_p              0x802'89b0    0x30  Data  Lc  ecp_curves.o [1]
secp521r1_b              0x802'8ae4    0x44  Data  Lc  ecp_curves.o [1]
secp521r1_gx             0x802'8b28    0x44  Data  Lc  ecp_curves.o [1]
secp521r1_gy             0x802'8b6c    0x44  Data  Lc  ecp_curves.o [1]
secp521r1_n              0x802'8bb0    0x44  Data  Lc  ecp_curves.o [1]
secp521r1_p              0x802'8aa0    0x44  Data  Lc  ecp_curves.o [1]
segment_holding          0x801'421d    0x1a  Code  Lc  dlmalloc.o [2]
setIoTDeviceConfig       0x801'd6e1    0x3c  Code  Gb  iot_flash_config.o [1]
setIoTDeviceConfig::__func__
                         0x801'd960    0x14  Data  Lc  iot_flash_config.o [1]
setRTCTimeDateFromNetwork
                         0x801'd975   0x322  Code  Gb  timedate.o [1]
setRTCTimeDateFromNetwork::__func__
                         0x801'dcf4    0x1c  Data  Lc  timedate.o [1]
sha1_clone_wrap          0x802'c2ed     0x4  Code  Lc  md_wrap.o [1]
sha1_ctx_alloc           0x802'c2d1    0x12  Code  Lc  md_wrap.o [1]
sha1_ctx_free            0x802'c2f1     0xa  Code  Lc  md_wrap.o [1]
sha1_finish_wrap         0x802'c2cd     0x4  Code  Lc  md_wrap.o [1]
sha1_padding             0x802'e824    0x40  Data  Lc  sha1.o [1]
sha1_process_wrap        0x802'c2fb     0x4  Code  Lc  md_wrap.o [1]
sha1_starts_wrap         0x802'c2c5     0x4  Code  Lc  md_wrap.o [1]
sha1_update_wrap         0x802'c2c9     0x4  Code  Lc  md_wrap.o [1]
sha224_clone_wrap        0x802'c335     0x4  Code  Lc  md_wrap.o [1]
sha224_ctx_alloc         0x802'c313    0x18  Code  Lc  md_wrap.o [1]
sha224_ctx_free          0x802'c32b     0xa  Code  Lc  md_wrap.o [1]
sha224_finish_wrap       0x802'c309     0x4  Code  Lc  md_wrap.o [1]
sha224_process_wrap      0x802'c339     0x4  Code  Lc  md_wrap.o [1]
sha224_starts_wrap       0x802'c2ff     0x6  Code  Lc  md_wrap.o [1]
sha224_update_wrap       0x802'c305     0x4  Code  Lc  md_wrap.o [1]
sha224_wrap              0x802'c30d     0x6  Code  Lc  md_wrap.o [1]
sha256_padding           0x802'e864    0x40  Data  Lc  sha256.o [1]
sha256_starts_wrap       0x802'c33d     0x6  Code  Lc  md_wrap.o [1]
sha256_wrap              0x802'c343     0x6  Code  Lc  md_wrap.o [1]
sha384_clone_wrap        0x802'c387     0x4  Code  Lc  md_wrap.o [1]
sha384_ctx_alloc         0x802'c35d    0x18  Code  Lc  md_wrap.o [1]
sha384_ctx_free          0x802'c37d     0xa  Code  Lc  md_wrap.o [1]
sha384_finish_wrap       0x802'c353     0x4  Code  Lc  md_wrap.o [1]
sha384_process_wrap      0x802'c38b     0x4  Code  Lc  md_wrap.o [1]
sha384_starts_wrap       0x802'c349     0x6  Code  Lc  md_wrap.o [1]
sha384_update_wrap       0x802'c34f     0x4  Code  Lc  md_wrap.o [1]
sha384_wrap              0x802'c357     0x6  Code  Lc  md_wrap.o [1]
sha512_padding           0x802'df98    0x80  Data  Lc  sha512.o [1]
sha512_starts_wrap       0x802'c38f     0x6  Code  Lc  md_wrap.o [1]
sha512_wrap              0x802'c395     0x6  Code  Lc  md_wrap.o [1]
snprintf                 0x800'ca49    0x44  Code  Gb  snprintf.o [2]
spi_rx_event            0x2000'0bbc     0x4  Data  Lc  es_wifi_io.o [1]
spi_tx_event            0x2000'0bc0     0x4  Data  Lc  es_wifi_io.o [1]
sprintf                  0x801'ed15    0x40  Code  Gb  sprintf.o [2]
srand                    0x801'ce91     0xa  Code  Gb  rand.o [2]
sscanf                   0x802'03c9    0x28  Code  Gb  sscanf.o [2]
ssl_append_key_cert      0x800'2b63    0x36  Code  Lc  ssl_tls.o [1]
ssl_calc_finished_tls_sha256
                         0x800'2345    0xa0  Code  Lc  ssl_tls.o [1]
ssl_calc_finished_tls_sha384
                         0x800'242d    0x9e  Code  Lc  ssl_tls.o [1]
ssl_calc_verify_tls_sha256
                         0x800'096d    0x60  Code  Lc  ssl_tls.o [1]
ssl_calc_verify_tls_sha384
                         0x800'09e5    0x60  Code  Lc  ssl_tls.o [1]
ssl_check_ctr_renegotiate
                         0x800'2da9    0x54  Code  Lc  ssl_tls.o [1]
ssl_decrypt_buf          0x800'0ce5   0x226  Code  Lc  ssl_tls.o [1]
ssl_encrypt_buf          0x800'0a95   0x1e0  Code  Lc  ssl_tls.o [1]
ssl_handshake_init       0x800'2981    0xc8  Code  Lc  ssl_tls.o [1]
ssl_handshake_params_init
                         0x800'292d    0x4c  Code  Lc  ssl_tls.o [1]
ssl_parse_alpn_ext       0x800'876d    0x88  Code  Lc  ssl_cli.o [1]
ssl_parse_certificate_request
                         0x800'96e1   0x168  Code  Lc  ssl_cli.o [1]
ssl_parse_new_session_ticket
                         0x800'9b67   0x14c  Code  Lc  ssl_cli.o [1]
ssl_parse_record_header
                         0x800'14d3   0x132  Code  Lc  ssl_tls.o [1]
ssl_parse_server_ecdh_params
                         0x800'909d    0x96  Code  Lc  ssl_cli.o [1]
ssl_parse_server_hello   0x800'8815   0x680  Code  Lc  ssl_cli.o [1]
ssl_parse_server_key_exchange
                         0x800'93c1   0x2fe  Code  Lc  ssl_cli.o [1]
ssl_parse_signature_algorithm
                         0x800'92e1    0xb8  Code  Lc  ssl_cli.o [1]
ssl_preset_default_hashes
                        0x2000'01b8    0x14  Data  Lc  ssl_tls.o [1]
ssl_preset_suiteb_ciphersuites
                        0x2000'01cc     0xc  Data  Lc  ssl_tls.o [1]
ssl_preset_suiteb_curves
                        0x2000'01e4     0x4  Data  Lc  ssl_tls.o [1]
ssl_preset_suiteb_hashes
                        0x2000'01d8     0xc  Data  Lc  ssl_tls.o [1]
ssl_set_timer            0x800'01cd    0x2e  Code  Lc  ssl_tls.o [1]
ssl_start_renegotiation
                         0x800'2cff    0x52  Code  Lc  ssl_tls.o [1]
ssl_update_checksum_sha256
                         0x800'232d     0xa  Code  Lc  ssl_tls.o [1]
ssl_update_checksum_sha384
                         0x800'2339     0x4  Code  Lc  ssl_tls.o [1]
ssl_update_checksum_start
                         0x800'230d    0x1e  Code  Lc  ssl_tls.o [1]
ssl_write_alpn_ext       0x800'8157    0xc6  Code  Lc  ssl_cli.o [1]
ssl_write_certificate_verify
                         0x800'99c5   0x17e  Code  Lc  ssl_cli.o [1]
ssl_write_client_hello   0x800'821d   0x426  Code  Lc  ssl_cli.o [1]
ssl_write_client_key_exchange
                         0x800'987d   0x12c  Code  Lc  ssl_cli.o [1]
ssl_write_encrypted_pms
                         0x800'9179   0x11c  Code  Lc  ssl_cli.o [1]
ssl_write_hostname_ext   0x800'7e1b    0x8c  Code  Lc  ssl_cli.o [1]
ssl_write_real           0x800'305f    0x66  Code  Lc  ssl_tls.o [1]
ssl_write_renegotiation_ext
                         0x800'7ea7    0x80  Code  Lc  ssl_cli.o [1]
ssl_write_session_ticket_ext
                         0x800'80ad    0xa0  Code  Lc  ssl_cli.o [1]
ssl_write_signature_algorithms_ext
                         0x800'7f31    0xb0  Code  Lc  ssl_cli.o [1]
ssl_write_supported_elliptic_curves_ext
                         0x800'7fe1    0xba  Code  Lc  ssl_cli.o [1]
strcat                   0x801'ed55    0x1e  Code  Gb  strcat.o [2]
strchr                   0x801'3539          Code  Gb  strchr.o [4]
strcmp                   0x802'015d          Code  Gb  strcmp.o [4]
strcspn                  0x802'4ceb    0x22  Code  Gb  strcspn.o [2]
strncmp                  0x802'03a1    0x28  Code  Gb  strncmp.o [2]
strspn                   0x802'4cc9    0x22  Code  Gb  strspn.o [2]
strstr                   0x800'e3b5    0x30  Code  Gb  strstr.o [2]
strtok                   0x802'3a0d    0x4c  Code  Gb  strtok.o [2]
strtoll                  0x802'457d     0x2  Code  Gb  iar_Stollx.o [2]
strtoull                 0x802'4731     0x2  Code  Gb  iar_Stoullx.o [2]
sub32                    0x801'148f    0x18  Code  Lc  ecp_curves.o [1]
subscribe_publish_sensor_values
                         0x801'bb69   0x35c  Code  Gb  aws_subscribe_publish_sensor_values.o [1]
subscribe_publish_sensor_values::__func__
                         0x801'bff8    0x20  Data  Lc  aws_subscribe_publish_sensor_values.o [1]
supported_ciphersuites  0x2000'0c68    0x3c  Data  Lc  ssl_ciphersuites.o [1]
supported_init          0x2000'0c64     0x4  Data  Lc  ssl_ciphersuites.o [1]
sys_alloc                0x801'47dd   0x164  Code  Lc  dlmalloc.o [2]
sys_trim                 0x801'4941    0x64  Code  Lc  dlmalloc.o [2]
tls_prf_generic          0x800'0211   0x104  Code  Lc  ssl_tls.o [1]
tls_prf_sha256           0x800'0325     0xa  Code  Lc  ssl_tls.o [1]
tls_prf_sha384           0x800'032f     0x8  Code  Lc  ssl_tls.o [1]
tmalloc_large            0x801'49b1   0x386  Code  Lc  dlmalloc.o [2]
tmalloc_small            0x801'4d37   0x200  Code  Lc  dlmalloc.o [2]
tolower                  0x802'27d5    0x14  Code  Gb  tolower.o [2]
tsensor_drv             0x2000'0d54     0x4  Data  Lc  stm32l475e_iot01_tsensor.o [1]
updateTLSCredentials     0x801'd545   0x132  Code  Gb  iot_flash_config.o [1]
updateTLSCredentials::__func__
                         0x801'd8cc    0x18  Data  Lc  iot_flash_config.o [1]
updateWiFiCredentials    0x801'd39b    0xbc  Code  Gb  iot_flash_config.o [1]
updateWiFiCredentials::__func__
                         0x801'd828    0x18  Data  Lc  iot_flash_config.o [1]
uwTick                  0x2000'0d58     0x4  Data  Gb  stm32l4xx_hal.o [1]
version                  0x801'b9d4    0x1c  Data  Gb  cloud.o [1]
vsnprintf                0x800'ca0d    0x3c  Code  Gb  vsnprint.o [2]
wait_spi_tx_event        0x801'9c09    0x26  Code  Lc  es_wifi_io.o [1]
wctob                    0x802'44a9    0x32  Code  Gb  wctob.o [2]
x509_check_wildcard      0x800'715b    0x4e  Code  Lc  x509_crt.o [1]
x509_crt_check_parent    0x800'7223    0x5c  Code  Lc  x509_crt.o [1]
x509_crt_parse_der_core
                         0x800'620d   0x2b6  Code  Lc  x509_crt.o [1]
x509_crt_verify_child    0x800'745f   0x1e2  Code  Lc  x509_crt.o [1]
x509_crt_verify_strings
                         0x802'd650    0xa8  Data  Lc  x509_crt.o [1]
x509_crt_verify_top      0x800'727f   0x1e0  Code  Lc  x509_crt.o [1]
x509_crt_verifycrl       0x800'7035    0xf6  Code  Lc  x509_crt.o [1]
x509_get_attr_type_value
                         0x800'cf91    0x92  Code  Lc  x509.o [1]
x509_get_crt_ext         0x800'6009   0x1e6  Code  Lc  x509_crt.o [1]
x509_get_entries         0x802'227b    0xfa  Code  Lc  x509_crl.o [1]
x509_get_subject_alt_name
                         0x800'5f5f    0xaa  Code  Lc  x509_crt.o [1]
x509_get_uid             0x800'5f29    0x36  Code  Lc  x509_crt.o [1]
x509_info_cert_type      0x800'6685    0xd8  Code  Lc  x509_crt.o [1]
x509_info_key_usage      0x800'67d1    0xf0  Code  Lc  x509_crt.o [1]
x509_memcasecmp          0x800'712b    0x30  Code  Lc  x509_crt.o [1]
x509_name_cmp            0x800'71a9    0x7a  Code  Lc  x509_crt.o [1]
x509_parse_int           0x800'd09f    0x34  Code  Lc  x509.o [1]
x509_parse_time          0x800'd0d5    0xf6  Code  Lc  x509.o [1]
x509_profile_check_key   0x800'5eeb    0x3e  Code  Lc  x509_crt.o [1]
x509_profile_check_md_alg
                         0x800'5ec7    0x10  Code  Lc  x509_crt.o [1]
x509_profile_check_pk_alg
                         0x800'5ed7     0xe  Code  Lc  x509_crt.o [1]


[1] = C:\Users\macorbin\OneDrive - Itron\Documents\GitHub\SmartSensorsFinal\STM32CubeExpansion_Cloud_AWS_V1.2.1\Projects\B-L475E-IOT01\Applications\Cloud\AWS\EWARM\B-L475E-IOT01\Obj
[2] = dl7M_tlf.a
[3] = m7M_tls.a
[4] = rt7M_tl.a
[5] = shb_l.a

  158 808 bytes of readonly  code memory
   35 483 bytes of readonly  data memory
   81 257 bytes of readwrite data memory

Errors: none
Warnings: none
